09:17:23.186 [background-preinit] INFO  o.h.v.i.util.Version - [<clinit>,18] - HV000001: Hibernate Validator 9.0.1.Final
09:17:23.275 [restartedMain] INFO  c.r.RuoYiApplication - [logStarting,54] - Starting RuoYiApplication using Java 24.0.1 with PID 6680 (D:\GitHub\huashe_project\RuoYi-Vue-master\ruoyi-admin\target\classes started by 28030 in D:\GitHub\huashe_project)
09:17:23.278 [restartedMain] INFO  c.r.RuoYiApplication - [logStartupProfileInfo,658] - The following 1 profile is active: "druid"
09:17:30.003 [restartedMain] INFO  o.a.c.h.Http11NioProtocol - [log,168] - Initializing ProtocolHandler ["http-nio-8080"]
09:17:30.007 [restartedMain] INFO  o.a.c.c.StandardService - [log,168] - Starting service [Tomcat]
09:17:30.008 [restartedMain] INFO  o.a.c.c.StandardEngine - [log,168] - Starting Servlet engine: [Apache Tomcat/11.0.21]
09:17:31.647 [restartedMain] INFO  c.a.d.p.DruidDataSource - [init,865] - {dataSource-1} inited
09:17:36.540 [restartedMain] INFO  o.q.c.SchedulerSignalerImpl - [<init>,62] - Initialized Scheduler Signaller of type: class org.quartz.core.SchedulerSignalerImpl
09:17:36.541 [restartedMain] INFO  o.q.c.QuartzScheduler - [<init>,224] - Quartz Scheduler v2.5.2 created.
09:17:36.542 [restartedMain] INFO  o.q.s.RAMJobStore - [initialize,152] - RAMJobStore initialized.
09:17:36.543 [restartedMain] INFO  o.q.c.QuartzScheduler - [initialize,289] - Scheduler meta-data: Quartz Scheduler (v2.5.2) 'quartzScheduler' with instanceId 'NON_CLUSTERED'
  Scheduler class: 'org.quartz.core.QuartzScheduler' - running locally.
  NOT STARTED.
  Currently in standby mode.
  Number of jobs executed: 0
  Using thread pool 'org.quartz.simpl.SimpleThreadPool' - with 10 threads.
  Using job-store 'org.quartz.simpl.RAMJobStore' - which does not support persistence. and is not clustered.

09:17:36.544 [restartedMain] INFO  o.q.c.QuartzScheduler - [setJobFactory,2250] - JobFactory set to: org.springframework.scheduling.quartz.SpringBeanJobFactory@62339832
09:17:37.788 [restartedMain] INFO  o.a.c.h.Http11NioProtocol - [log,168] - Starting ProtocolHandler ["http-nio-8080"]
09:17:37.818 [restartedMain] INFO  o.q.c.QuartzScheduler - [start,541] - Scheduler quartzScheduler_$_NON_CLUSTERED started.
09:17:37.829 [restartedMain] INFO  c.r.RuoYiApplication - [logStarted,60] - Started RuoYiApplication in 15.155 seconds (process running for 16.56)
09:20:30.568 [http-nio-8080-exec-2] INFO  o.a.c.c.C.[.[.[/] - [log,168] - Initializing Spring DispatcherServlet 'dispatcherServlet'
09:23:35.930 [schedule-pool-1] INFO  sys-user - [run,55] - [127.0.0.1]内网IP[admin][Success][登录成功]
09:23:36.020 [schedule-pool-1] INFO  n.b.p.u.u.YauaaVersion - [logVersion,104] - Yauaa 8.1.1 (v8.1.1 @ 2026-03-20T07:34:20Z)
09:23:36.165 [schedule-pool-1] INFO  n.b.p.u.c.ConfigLoader - [loadResources,309] - - Loaded 122 files in  137 ms using expression: classpath*:UserAgents/**/*.yaml
09:23:36.990 [schedule-pool-1] INFO  n.b.p.u.a.UserAgentStringMatchMaker - [finalizeLoadingRules,282] - Building all needed matchers for the requested 11 fields.
09:23:37.038 [http-nio-8080-exec-3] INFO  n.b.p.u.a.UserAgentStringMatchMaker - [initializeMatchers,336] - Initializing Analyzer data structures
09:23:38.017 [http-nio-8080-exec-3] INFO  n.b.p.u.a.UserAgentStringMatchMaker - [initializeMatchers,347] - Built in 976 msec : Hashmap 199731, Ranges map:3004
14:11:04.225 [schedule-pool-1] INFO  sys-user - [run,55] - [127.0.0.1]内网IP[admin][Success][登录成功]
14:34:01.028 [Thread-1] INFO  o.q.c.QuartzScheduler - [standby,576] - Scheduler quartzScheduler_$_NON_CLUSTERED paused.
14:34:01.042 [tomcat-shutdown] INFO  o.a.c.h.Http11NioProtocol - [log,168] - Pausing ProtocolHandler ["http-nio-8080"]
14:34:01.064 [Thread-1] INFO  o.a.c.h.Http11NioProtocol - [log,168] - Stopping ProtocolHandler ["http-nio-8080"]
14:34:01.137 [Thread-1] INFO  o.q.c.QuartzScheduler - [shutdown,656] - Scheduler quartzScheduler_$_NON_CLUSTERED shutting down.
14:34:01.142 [Thread-1] INFO  o.q.c.QuartzScheduler - [standby,576] - Scheduler quartzScheduler_$_NON_CLUSTERED paused.
14:34:01.142 [Thread-1] INFO  o.q.c.QuartzScheduler - [shutdown,728] - Scheduler quartzScheduler_$_NON_CLUSTERED shutdown complete.
14:34:01.144 [Thread-1] INFO  sys-user - [shutdownAsyncManager,31] - ====关闭后台任务任务线程池====
14:34:01.157 [Thread-1] INFO  c.a.d.p.DruidDataSource - [close,2083] - {dataSource-1} closing ...
14:34:01.164 [Thread-1] INFO  c.a.d.p.DruidDataSource - [close,2156] - {dataSource-1} closed
14:34:01.714 [restartedMain] INFO  c.r.RuoYiApplication - [logStarting,54] - Starting RuoYiApplication using Java 24.0.1 with PID 6680 (D:\GitHub\huashe_project\RuoYi-Vue-master\ruoyi-admin\target\classes started by 28030 in D:\GitHub\huashe_project)
14:34:01.715 [restartedMain] INFO  c.r.RuoYiApplication - [logStartupProfileInfo,658] - The following 1 profile is active: "druid"
14:34:03.537 [restartedMain] INFO  o.a.c.h.Http11NioProtocol - [log,168] - Initializing ProtocolHandler ["http-nio-8080"]
14:34:03.539 [restartedMain] INFO  o.a.c.c.StandardService - [log,168] - Starting service [Tomcat]
14:34:03.539 [restartedMain] INFO  o.a.c.c.StandardEngine - [log,168] - Starting Servlet engine: [Apache Tomcat/11.0.21]
14:34:04.195 [restartedMain] INFO  c.a.d.p.DruidDataSource - [init,865] - {dataSource-2} inited
14:34:05.068 [restartedMain] INFO  c.a.d.p.DruidDataSource - [close,2083] - {dataSource-2} closing ...
14:34:05.070 [restartedMain] INFO  c.a.d.p.DruidDataSource - [close,2156] - {dataSource-2} closed
14:34:05.077 [restartedMain] INFO  o.a.c.c.StandardService - [log,168] - Stopping service [Tomcat]
14:35:35.612 [restartedMain] INFO  c.r.RuoYiApplication - [logStarting,54] - Starting RuoYiApplication using Java 24.0.1 with PID 6680 (D:\GitHub\huashe_project\RuoYi-Vue-master\ruoyi-admin\target\classes started by 28030 in D:\GitHub\huashe_project)
14:35:35.613 [restartedMain] INFO  c.r.RuoYiApplication - [logStartupProfileInfo,658] - The following 1 profile is active: "druid"
14:35:36.468 [restartedMain] INFO  o.a.c.h.Http11NioProtocol - [log,168] - Initializing ProtocolHandler ["http-nio-8080"]
14:35:36.469 [restartedMain] INFO  o.a.c.c.StandardService - [log,168] - Starting service [Tomcat]
14:35:36.469 [restartedMain] INFO  o.a.c.c.StandardEngine - [log,168] - Starting Servlet engine: [Apache Tomcat/11.0.21]
14:35:36.789 [restartedMain] INFO  c.a.d.p.DruidDataSource - [init,865] - {dataSource-3} inited
14:35:38.280 [restartedMain] INFO  o.q.c.SchedulerSignalerImpl - [<init>,62] - Initialized Scheduler Signaller of type: class org.quartz.core.SchedulerSignalerImpl
14:35:38.280 [restartedMain] INFO  o.q.c.QuartzScheduler - [<init>,224] - Quartz Scheduler v2.5.2 created.
14:35:38.280 [restartedMain] INFO  o.q.s.RAMJobStore - [initialize,152] - RAMJobStore initialized.
14:35:38.282 [restartedMain] INFO  o.q.c.QuartzScheduler - [initialize,289] - Scheduler meta-data: Quartz Scheduler (v2.5.2) 'quartzScheduler' with instanceId 'NON_CLUSTERED'
  Scheduler class: 'org.quartz.core.QuartzScheduler' - running locally.
  NOT STARTED.
  Currently in standby mode.
  Number of jobs executed: 0
  Using thread pool 'org.quartz.simpl.SimpleThreadPool' - with 10 threads.
  Using job-store 'org.quartz.simpl.RAMJobStore' - which does not support persistence. and is not clustered.

14:35:38.282 [restartedMain] INFO  o.q.c.QuartzScheduler - [setJobFactory,2250] - JobFactory set to: org.springframework.scheduling.quartz.SpringBeanJobFactory@60d3511d
14:35:38.817 [restartedMain] INFO  o.a.c.h.Http11NioProtocol - [log,168] - Starting ProtocolHandler ["http-nio-8080"]
14:35:38.860 [restartedMain] INFO  o.q.c.QuartzScheduler - [start,541] - Scheduler quartzScheduler_$_NON_CLUSTERED started.
14:35:38.864 [restartedMain] INFO  c.r.RuoYiApplication - [logStarted,60] - Started RuoYiApplication in 3.3 seconds (process running for 19097.595)
14:37:36.078 [Thread-5] INFO  o.q.c.QuartzScheduler - [standby,576] - Scheduler quartzScheduler_$_NON_CLUSTERED paused.
14:37:36.079 [tomcat-shutdown] INFO  o.a.c.h.Http11NioProtocol - [log,168] - Pausing ProtocolHandler ["http-nio-8080"]
14:37:36.084 [Thread-5] INFO  o.a.c.h.Http11NioProtocol - [log,168] - Stopping ProtocolHandler ["http-nio-8080"]
14:37:36.094 [Thread-5] INFO  o.q.c.QuartzScheduler - [shutdown,656] - Scheduler quartzScheduler_$_NON_CLUSTERED shutting down.
14:37:36.095 [Thread-5] INFO  o.q.c.QuartzScheduler - [standby,576] - Scheduler quartzScheduler_$_NON_CLUSTERED paused.
14:37:36.095 [Thread-5] INFO  o.q.c.QuartzScheduler - [shutdown,728] - Scheduler quartzScheduler_$_NON_CLUSTERED shutdown complete.
14:37:36.095 [Thread-5] INFO  sys-user - [shutdownAsyncManager,31] - ====关闭后台任务任务线程池====
14:37:36.098 [Thread-5] INFO  c.a.d.p.DruidDataSource - [close,2083] - {dataSource-3} closing ...
14:37:36.101 [Thread-5] INFO  c.a.d.p.DruidDataSource - [close,2156] - {dataSource-3} closed
14:37:36.359 [restartedMain] INFO  c.r.RuoYiApplication - [logStarting,54] - Starting RuoYiApplication using Java 24.0.1 with PID 6680 (D:\GitHub\huashe_project\RuoYi-Vue-master\ruoyi-admin\target\classes started by 28030 in D:\GitHub\huashe_project)
14:37:36.359 [restartedMain] INFO  c.r.RuoYiApplication - [logStartupProfileInfo,658] - The following 1 profile is active: "druid"
14:37:37.304 [restartedMain] INFO  o.a.c.h.Http11NioProtocol - [log,168] - Initializing ProtocolHandler ["http-nio-8080"]
14:37:37.304 [restartedMain] INFO  o.a.c.c.StandardService - [log,168] - Starting service [Tomcat]
14:37:37.304 [restartedMain] INFO  o.a.c.c.StandardEngine - [log,168] - Starting Servlet engine: [Apache Tomcat/11.0.21]
14:37:37.573 [restartedMain] INFO  c.a.d.p.DruidDataSource - [init,865] - {dataSource-4} inited
14:37:38.707 [restartedMain] INFO  o.q.c.SchedulerSignalerImpl - [<init>,62] - Initialized Scheduler Signaller of type: class org.quartz.core.SchedulerSignalerImpl
14:37:38.708 [restartedMain] INFO  o.q.c.QuartzScheduler - [<init>,224] - Quartz Scheduler v2.5.2 created.
14:37:38.708 [restartedMain] INFO  o.q.s.RAMJobStore - [initialize,152] - RAMJobStore initialized.
14:37:38.708 [restartedMain] INFO  o.q.c.QuartzScheduler - [initialize,289] - Scheduler meta-data: Quartz Scheduler (v2.5.2) 'quartzScheduler' with instanceId 'NON_CLUSTERED'
  Scheduler class: 'org.quartz.core.QuartzScheduler' - running locally.
  NOT STARTED.
  Currently in standby mode.
  Number of jobs executed: 0
  Using thread pool 'org.quartz.simpl.SimpleThreadPool' - with 10 threads.
  Using job-store 'org.quartz.simpl.RAMJobStore' - which does not support persistence. and is not clustered.

14:37:38.708 [restartedMain] INFO  o.q.c.QuartzScheduler - [setJobFactory,2250] - JobFactory set to: org.springframework.scheduling.quartz.SpringBeanJobFactory@61cd5ae8
14:37:39.068 [restartedMain] INFO  o.a.c.h.Http11NioProtocol - [log,168] - Starting ProtocolHandler ["http-nio-8080"]
14:37:39.075 [restartedMain] INFO  o.q.c.QuartzScheduler - [start,541] - Scheduler quartzScheduler_$_NON_CLUSTERED started.
14:37:39.077 [restartedMain] INFO  c.r.RuoYiApplication - [logStarted,60] - Started RuoYiApplication in 2.763 seconds (process running for 19217.808)
15:09:56.037 [background-preinit] INFO  o.h.v.i.util.Version - [<clinit>,18] - HV000001: Hibernate Validator 9.0.1.Final
15:09:56.094 [restartedMain] INFO  c.r.RuoYiApplication - [logStarting,54] - Starting RuoYiApplication using Java 24.0.1 with PID 51924 (D:\GitHub\huashe_project\RuoYi-Vue-master\ruoyi-admin\target\classes started by 28030 in D:\GitHub\huashe_project)
15:09:56.095 [restartedMain] INFO  c.r.RuoYiApplication - [logStartupProfileInfo,658] - The following 1 profile is active: "druid"
15:09:59.720 [restartedMain] INFO  o.a.c.h.Http11NioProtocol - [log,168] - Initializing ProtocolHandler ["http-nio-8080"]
15:09:59.733 [restartedMain] INFO  o.a.c.c.StandardService - [log,168] - Starting service [Tomcat]
15:09:59.735 [restartedMain] INFO  o.a.c.c.StandardEngine - [log,168] - Starting Servlet engine: [Apache Tomcat/11.0.21]
15:10:01.306 [restartedMain] INFO  c.a.d.p.DruidDataSource - [init,865] - {dataSource-1} inited
15:10:04.652 [restartedMain] INFO  o.q.c.SchedulerSignalerImpl - [<init>,62] - Initialized Scheduler Signaller of type: class org.quartz.core.SchedulerSignalerImpl
15:10:04.652 [restartedMain] INFO  o.q.c.QuartzScheduler - [<init>,224] - Quartz Scheduler v2.5.2 created.
15:10:04.653 [restartedMain] INFO  o.q.s.RAMJobStore - [initialize,152] - RAMJobStore initialized.
15:10:04.655 [restartedMain] INFO  o.q.c.QuartzScheduler - [initialize,289] - Scheduler meta-data: Quartz Scheduler (v2.5.2) 'quartzScheduler' with instanceId 'NON_CLUSTERED'
  Scheduler class: 'org.quartz.core.QuartzScheduler' - running locally.
  NOT STARTED.
  Currently in standby mode.
  Number of jobs executed: 0
  Using thread pool 'org.quartz.simpl.SimpleThreadPool' - with 10 threads.
  Using job-store 'org.quartz.simpl.RAMJobStore' - which does not support persistence. and is not clustered.

15:10:04.655 [restartedMain] INFO  o.q.c.QuartzScheduler - [setJobFactory,2250] - JobFactory set to: org.springframework.scheduling.quartz.SpringBeanJobFactory@51805e35
15:10:05.816 [restartedMain] INFO  o.a.c.h.Http11NioProtocol - [log,168] - Starting ProtocolHandler ["http-nio-8080"]
15:10:05.841 [restartedMain] INFO  o.q.c.QuartzScheduler - [start,541] - Scheduler quartzScheduler_$_NON_CLUSTERED started.
15:10:05.853 [restartedMain] INFO  c.r.RuoYiApplication - [logStarted,60] - Started RuoYiApplication in 10.297 seconds (process running for 11.368)
15:15:05.143 [http-nio-8080-exec-1] INFO  o.a.c.c.C.[.[.[/] - [log,168] - Initializing Spring DispatcherServlet 'dispatcherServlet'
15:17:02.391 [schedule-pool-1] INFO  sys-user - [run,55] - [127.0.0.1]内网IP[admin][Success][登录成功]
15:17:02.457 [schedule-pool-1] INFO  n.b.p.u.u.YauaaVersion - [logVersion,104] - Yauaa 8.1.1 (v8.1.1 @ 2026-03-20T07:34:20Z)
15:17:02.564 [schedule-pool-1] INFO  n.b.p.u.c.ConfigLoader - [loadResources,309] - - Loaded 122 files in  101 ms using expression: classpath*:UserAgents/**/*.yaml
15:17:03.491 [schedule-pool-1] INFO  n.b.p.u.a.UserAgentStringMatchMaker - [finalizeLoadingRules,282] - Building all needed matchers for the requested 11 fields.
15:17:03.554 [schedule-pool-1] INFO  n.b.p.u.a.UserAgentStringMatchMaker - [initializeMatchers,336] - Initializing Analyzer data structures
15:17:04.638 [schedule-pool-1] INFO  n.b.p.u.a.UserAgentStringMatchMaker - [initializeMatchers,347] - Built in 1083 msec : Hashmap 199731, Ranges map:3004
16:14:42.742 [Thread-1] INFO  o.q.c.QuartzScheduler - [standby,576] - Scheduler quartzScheduler_$_NON_CLUSTERED paused.
16:14:42.749 [tomcat-shutdown] INFO  o.a.c.h.Http11NioProtocol - [log,168] - Pausing ProtocolHandler ["http-nio-8080"]
16:14:42.758 [Thread-1] INFO  o.a.c.h.Http11NioProtocol - [log,168] - Stopping ProtocolHandler ["http-nio-8080"]
16:14:42.818 [Thread-1] INFO  o.q.c.QuartzScheduler - [shutdown,656] - Scheduler quartzScheduler_$_NON_CLUSTERED shutting down.
16:14:42.819 [Thread-1] INFO  o.q.c.QuartzScheduler - [standby,576] - Scheduler quartzScheduler_$_NON_CLUSTERED paused.
16:14:42.819 [Thread-1] INFO  o.q.c.QuartzScheduler - [shutdown,728] - Scheduler quartzScheduler_$_NON_CLUSTERED shutdown complete.
16:14:42.820 [Thread-1] INFO  sys-user - [shutdownAsyncManager,31] - ====关闭后台任务任务线程池====
16:14:42.828 [Thread-1] INFO  c.a.d.p.DruidDataSource - [close,2083] - {dataSource-1} closing ...
16:14:42.834 [Thread-1] INFO  c.a.d.p.DruidDataSource - [close,2156] - {dataSource-1} closed
16:14:43.192 [restartedMain] INFO  c.r.RuoYiApplication - [logStarting,54] - Starting RuoYiApplication using Java 24.0.1 with PID 51924 (D:\GitHub\huashe_project\RuoYi-Vue-master\ruoyi-admin\target\classes started by 28030 in D:\GitHub\huashe_project)
16:14:43.193 [restartedMain] INFO  c.r.RuoYiApplication - [logStartupProfileInfo,658] - The following 1 profile is active: "druid"
16:14:45.228 [restartedMain] INFO  o.a.c.h.Http11NioProtocol - [log,168] - Initializing ProtocolHandler ["http-nio-8080"]
16:14:45.228 [restartedMain] INFO  o.a.c.c.StandardService - [log,168] - Starting service [Tomcat]
16:14:45.229 [restartedMain] INFO  o.a.c.c.StandardEngine - [log,168] - Starting Servlet engine: [Apache Tomcat/11.0.21]
16:14:45.906 [restartedMain] INFO  c.a.d.p.DruidDataSource - [init,865] - {dataSource-2} inited
16:14:48.398 [restartedMain] INFO  o.q.c.SchedulerSignalerImpl - [<init>,62] - Initialized Scheduler Signaller of type: class org.quartz.core.SchedulerSignalerImpl
16:14:48.398 [restartedMain] INFO  o.q.c.QuartzScheduler - [<init>,224] - Quartz Scheduler v2.5.2 created.
16:14:48.399 [restartedMain] INFO  o.q.s.RAMJobStore - [initialize,152] - RAMJobStore initialized.
16:14:48.401 [restartedMain] INFO  o.q.c.QuartzScheduler - [initialize,289] - Scheduler meta-data: Quartz Scheduler (v2.5.2) 'quartzScheduler' with instanceId 'NON_CLUSTERED'
  Scheduler class: 'org.quartz.core.QuartzScheduler' - running locally.
  NOT STARTED.
  Currently in standby mode.
  Number of jobs executed: 0
  Using thread pool 'org.quartz.simpl.SimpleThreadPool' - with 10 threads.
  Using job-store 'org.quartz.simpl.RAMJobStore' - which does not support persistence. and is not clustered.

16:14:48.402 [restartedMain] INFO  o.q.c.QuartzScheduler - [setJobFactory,2250] - JobFactory set to: org.springframework.scheduling.quartz.SpringBeanJobFactory@72c85a93
16:14:49.074 [restartedMain] INFO  o.a.c.h.Http11NioProtocol - [log,168] - Starting ProtocolHandler ["http-nio-8080"]
16:14:49.086 [restartedMain] INFO  o.q.c.QuartzScheduler - [start,541] - Scheduler quartzScheduler_$_NON_CLUSTERED started.
16:14:49.092 [restartedMain] INFO  c.r.RuoYiApplication - [logStarted,60] - Started RuoYiApplication in 6.019 seconds (process running for 3894.607)
16:17:46.261 [http-nio-8080-exec-1] INFO  o.a.c.c.C.[.[.[/] - [log,168] - Initializing Spring DispatcherServlet 'dispatcherServlet'
17:02:15.540 [Thread-5] INFO  o.q.c.QuartzScheduler - [standby,576] - Scheduler quartzScheduler_$_NON_CLUSTERED paused.
17:02:15.546 [tomcat-shutdown] INFO  o.a.c.h.Http11NioProtocol - [log,168] - Pausing ProtocolHandler ["http-nio-8080"]
17:02:15.552 [Thread-5] INFO  o.a.c.h.Http11NioProtocol - [log,168] - Stopping ProtocolHandler ["http-nio-8080"]
17:02:15.579 [Thread-5] INFO  o.q.c.QuartzScheduler - [shutdown,656] - Scheduler quartzScheduler_$_NON_CLUSTERED shutting down.
17:02:15.579 [Thread-5] INFO  o.q.c.QuartzScheduler - [standby,576] - Scheduler quartzScheduler_$_NON_CLUSTERED paused.
17:02:15.579 [Thread-5] INFO  o.q.c.QuartzScheduler - [shutdown,728] - Scheduler quartzScheduler_$_NON_CLUSTERED shutdown complete.
17:02:15.580 [Thread-5] INFO  sys-user - [shutdownAsyncManager,31] - ====关闭后台任务任务线程池====
17:02:15.585 [Thread-5] INFO  c.a.d.p.DruidDataSource - [close,2083] - {dataSource-2} closing ...
17:02:15.586 [Thread-5] INFO  c.a.d.p.DruidDataSource - [close,2156] - {dataSource-2} closed
17:02:15.914 [restartedMain] INFO  c.r.RuoYiApplication - [logStarting,54] - Starting RuoYiApplication using Java 24.0.1 with PID 51924 (D:\GitHub\huashe_project\RuoYi-Vue-master\ruoyi-admin\target\classes started by 28030 in D:\GitHub\huashe_project)
17:02:15.915 [restartedMain] INFO  c.r.RuoYiApplication - [logStartupProfileInfo,658] - The following 1 profile is active: "druid"
17:02:16.821 [restartedMain] INFO  o.a.c.h.Http11NioProtocol - [log,168] - Initializing ProtocolHandler ["http-nio-8080"]
17:02:16.823 [restartedMain] INFO  o.a.c.c.StandardService - [log,168] - Starting service [Tomcat]
17:02:16.823 [restartedMain] INFO  o.a.c.c.StandardEngine - [log,168] - Starting Servlet engine: [Apache Tomcat/11.0.21]
17:02:17.121 [restartedMain] INFO  c.a.d.p.DruidDataSource - [init,865] - {dataSource-3} inited
17:02:18.299 [restartedMain] INFO  o.q.c.SchedulerSignalerImpl - [<init>,62] - Initialized Scheduler Signaller of type: class org.quartz.core.SchedulerSignalerImpl
17:02:18.299 [restartedMain] INFO  o.q.c.QuartzScheduler - [<init>,224] - Quartz Scheduler v2.5.2 created.
17:02:18.299 [restartedMain] INFO  o.q.s.RAMJobStore - [initialize,152] - RAMJobStore initialized.
17:02:18.299 [restartedMain] INFO  o.q.c.QuartzScheduler - [initialize,289] - Scheduler meta-data: Quartz Scheduler (v2.5.2) 'quartzScheduler' with instanceId 'NON_CLUSTERED'
  Scheduler class: 'org.quartz.core.QuartzScheduler' - running locally.
  NOT STARTED.
  Currently in standby mode.
  Number of jobs executed: 0
  Using thread pool 'org.quartz.simpl.SimpleThreadPool' - with 10 threads.
  Using job-store 'org.quartz.simpl.RAMJobStore' - which does not support persistence. and is not clustered.

17:02:18.299 [restartedMain] INFO  o.q.c.QuartzScheduler - [setJobFactory,2250] - JobFactory set to: org.springframework.scheduling.quartz.SpringBeanJobFactory@15185184
17:02:18.711 [restartedMain] INFO  o.a.c.h.Http11NioProtocol - [log,168] - Starting ProtocolHandler ["http-nio-8080"]
17:02:18.722 [restartedMain] INFO  o.q.c.QuartzScheduler - [start,541] - Scheduler quartzScheduler_$_NON_CLUSTERED started.
17:02:18.725 [restartedMain] INFO  c.r.RuoYiApplication - [logStarted,60] - Started RuoYiApplication in 2.887 seconds (process running for 6744.24)
17:58:01.381 [http-nio-8080-exec-1] INFO  o.a.c.c.C.[.[.[/] - [log,168] - Initializing Spring DispatcherServlet 'dispatcherServlet'
17:58:28.505 [schedule-pool-1] INFO  sys-user - [run,55] - [127.0.0.1]内网IP[admin][Success][登录成功]
17:58:28.541 [schedule-pool-1] INFO  n.b.p.u.u.YauaaVersion - [logVersion,104] - Yauaa 8.1.1 (v8.1.1 @ 2026-03-20T07:34:20Z)
17:58:28.669 [schedule-pool-1] INFO  n.b.p.u.c.ConfigLoader - [loadResources,309] - - Loaded 122 files in  126 ms using expression: classpath*:UserAgents/**/*.yaml
17:58:29.817 [schedule-pool-1] INFO  n.b.p.u.a.UserAgentStringMatchMaker - [finalizeLoadingRules,282] - Building all needed matchers for the requested 11 fields.
17:58:29.881 [schedule-pool-1] INFO  n.b.p.u.a.UserAgentStringMatchMaker - [initializeMatchers,336] - Initializing Analyzer data structures
17:58:31.297 [schedule-pool-1] INFO  n.b.p.u.a.UserAgentStringMatchMaker - [initializeMatchers,347] - Built in 1411 msec : Hashmap 199731, Ranges map:3004
