20:12:03.217 [restartedMain] INFO  c.r.RuoYiApplication - [logStarting,54] - Starting RuoYiApplication using Java 25.0.3 with PID 13368 (D:\develop\huashe\huashe_project\RuoYi-Vue-master\ruoyi-admin\target\classes started by zjd in D:\develop\huashe\huashe_project)
20:12:03.219 [restartedMain] INFO  c.r.RuoYiApplication - [logStartupProfileInfo,658] - The following 1 profile is active: "druid"
20:12:07.150 [restartedMain] INFO  o.a.c.h.Http11NioProtocol - [log,168] - Initializing ProtocolHandler ["http-nio-8080"]
20:12:07.151 [restartedMain] INFO  o.a.c.c.StandardService - [log,168] - Starting service [Tomcat]
20:12:07.151 [restartedMain] INFO  o.a.c.c.StandardEngine - [log,168] - Starting Servlet engine: [Apache Tomcat/11.0.21]
20:12:07.656 [restartedMain] INFO  c.a.d.p.DruidDataSource - [init,865] - {dataSource-2} inited
20:12:09.459 [restartedMain] INFO  o.q.c.SchedulerSignalerImpl - [<init>,62] - Initialized Scheduler Signaller of type: class org.quartz.core.SchedulerSignalerImpl
20:12:09.459 [restartedMain] INFO  o.q.c.QuartzScheduler - [<init>,224] - Quartz Scheduler v2.5.2 created.
20:12:09.460 [restartedMain] INFO  o.q.s.RAMJobStore - [initialize,152] - RAMJobStore initialized.
20:12:09.460 [restartedMain] INFO  o.q.c.QuartzScheduler - [initialize,289] - Scheduler meta-data: Quartz Scheduler (v2.5.2) 'quartzScheduler' with instanceId 'NON_CLUSTERED'
  Scheduler class: 'org.quartz.core.QuartzScheduler' - running locally.
  NOT STARTED.
  Currently in standby mode.
  Number of jobs executed: 0
  Using thread pool 'org.quartz.simpl.SimpleThreadPool' - with 10 threads.
  Using job-store 'org.quartz.simpl.RAMJobStore' - which does not support persistence. and is not clustered.

20:12:09.460 [restartedMain] INFO  o.q.c.QuartzScheduler - [setJobFactory,2250] - JobFactory set to: org.springframework.scheduling.quartz.SpringBeanJobFactory@58299bcc
20:12:10.153 [restartedMain] INFO  o.a.c.h.Http11NioProtocol - [log,168] - Starting ProtocolHandler ["http-nio-8080"]
20:12:10.181 [restartedMain] INFO  o.q.c.QuartzScheduler - [start,541] - Scheduler quartzScheduler_$_NON_CLUSTERED started.
20:12:10.190 [restartedMain] INFO  c.r.RuoYiApplication - [logStarted,60] - Started RuoYiApplication in 7.154 seconds (process running for 5425.76)
20:12:15.398 [http-nio-8080-exec-1] INFO  o.a.c.c.C.[.[.[/] - [log,168] - Initializing Spring DispatcherServlet 'dispatcherServlet'
20:14:14.323 [Thread-5] INFO  o.q.c.QuartzScheduler - [standby,576] - Scheduler quartzScheduler_$_NON_CLUSTERED paused.
20:14:14.324 [tomcat-shutdown] INFO  o.a.c.h.Http11NioProtocol - [log,168] - Pausing ProtocolHandler ["http-nio-8080"]
20:14:14.346 [Thread-5] INFO  o.a.c.h.Http11NioProtocol - [log,168] - Stopping ProtocolHandler ["http-nio-8080"]
20:14:14.364 [Thread-5] INFO  o.q.c.QuartzScheduler - [shutdown,656] - Scheduler quartzScheduler_$_NON_CLUSTERED shutting down.
20:14:14.364 [Thread-5] INFO  o.q.c.QuartzScheduler - [standby,576] - Scheduler quartzScheduler_$_NON_CLUSTERED paused.
20:14:14.365 [Thread-5] INFO  o.q.c.QuartzScheduler - [shutdown,728] - Scheduler quartzScheduler_$_NON_CLUSTERED shutdown complete.
20:14:14.365 [Thread-5] INFO  sys-user - [shutdownAsyncManager,31] - ====关闭后台任务任务线程池====
20:14:14.369 [Thread-5] INFO  c.a.d.p.DruidDataSource - [close,2083] - {dataSource-2} closing ...
20:14:14.372 [Thread-5] INFO  c.a.d.p.DruidDataSource - [close,2156] - {dataSource-2} closed
20:14:14.652 [restartedMain] INFO  c.r.RuoYiApplication - [logStarting,54] - Starting RuoYiApplication using Java 25.0.3 with PID 13368 (D:\develop\huashe\huashe_project\RuoYi-Vue-master\ruoyi-admin\target\classes started by zjd in D:\develop\huashe\huashe_project)
20:14:14.653 [restartedMain] INFO  c.r.RuoYiApplication - [logStartupProfileInfo,658] - The following 1 profile is active: "druid"
20:14:16.007 [restartedMain] INFO  o.a.c.h.Http11NioProtocol - [log,168] - Initializing ProtocolHandler ["http-nio-8080"]
20:14:16.007 [restartedMain] INFO  o.a.c.c.StandardService - [log,168] - Starting service [Tomcat]
20:14:16.007 [restartedMain] INFO  o.a.c.c.StandardEngine - [log,168] - Starting Servlet engine: [Apache Tomcat/11.0.21]
20:14:16.921 [restartedMain] INFO  c.a.d.p.DruidDataSource - [init,865] - {dataSource-3} inited
20:14:17.743 [restartedMain] INFO  o.q.c.SchedulerSignalerImpl - [<init>,62] - Initialized Scheduler Signaller of type: class org.quartz.core.SchedulerSignalerImpl
20:14:17.744 [restartedMain] INFO  o.q.c.QuartzScheduler - [<init>,224] - Quartz Scheduler v2.5.2 created.
20:14:17.744 [restartedMain] INFO  o.q.s.RAMJobStore - [initialize,152] - RAMJobStore initialized.
20:14:17.744 [restartedMain] INFO  o.q.c.QuartzScheduler - [initialize,289] - Scheduler meta-data: Quartz Scheduler (v2.5.2) 'quartzScheduler' with instanceId 'NON_CLUSTERED'
  Scheduler class: 'org.quartz.core.QuartzScheduler' - running locally.
  NOT STARTED.
  Currently in standby mode.
  Number of jobs executed: 0
  Using thread pool 'org.quartz.simpl.SimpleThreadPool' - with 10 threads.
  Using job-store 'org.quartz.simpl.RAMJobStore' - which does not support persistence. and is not clustered.

20:14:17.744 [restartedMain] INFO  o.q.c.QuartzScheduler - [setJobFactory,2250] - JobFactory set to: org.springframework.scheduling.quartz.SpringBeanJobFactory@720d8b05
20:14:18.438 [restartedMain] INFO  o.a.c.h.Http11NioProtocol - [log,168] - Starting ProtocolHandler ["http-nio-8080"]
20:14:18.448 [restartedMain] INFO  o.q.c.QuartzScheduler - [start,541] - Scheduler quartzScheduler_$_NON_CLUSTERED started.
20:14:18.449 [restartedMain] INFO  c.r.RuoYiApplication - [logStarted,60] - Started RuoYiApplication in 3.887 seconds (process running for 5554.019)
20:14:22.286 [Thread-9] INFO  o.q.c.QuartzScheduler - [standby,576] - Scheduler quartzScheduler_$_NON_CLUSTERED paused.
20:14:22.287 [tomcat-shutdown] INFO  o.a.c.h.Http11NioProtocol - [log,168] - Pausing ProtocolHandler ["http-nio-8080"]
20:14:22.307 [Thread-9] INFO  o.a.c.h.Http11NioProtocol - [log,168] - Stopping ProtocolHandler ["http-nio-8080"]
20:14:22.315 [Thread-9] INFO  o.q.c.QuartzScheduler - [shutdown,656] - Scheduler quartzScheduler_$_NON_CLUSTERED shutting down.
20:14:22.315 [Thread-9] INFO  o.q.c.QuartzScheduler - [standby,576] - Scheduler quartzScheduler_$_NON_CLUSTERED paused.
20:14:22.316 [Thread-9] INFO  o.q.c.QuartzScheduler - [shutdown,728] - Scheduler quartzScheduler_$_NON_CLUSTERED shutdown complete.
20:14:22.317 [Thread-9] INFO  c.a.d.p.DruidDataSource - [close,2083] - {dataSource-3} closing ...
20:14:22.317 [Thread-9] INFO  c.a.d.p.DruidDataSource - [close,2156] - {dataSource-3} closed
20:14:22.319 [Thread-9] INFO  sys-user - [shutdownAsyncManager,31] - ====关闭后台任务任务线程池====
20:14:22.591 [restartedMain] INFO  c.r.RuoYiApplication - [logStarting,54] - Starting RuoYiApplication using Java 25.0.3 with PID 13368 (D:\develop\huashe\huashe_project\RuoYi-Vue-master\ruoyi-admin\target\classes started by zjd in D:\develop\huashe\huashe_project)
20:14:22.591 [restartedMain] INFO  c.r.RuoYiApplication - [logStartupProfileInfo,658] - The following 1 profile is active: "druid"
20:14:24.036 [restartedMain] INFO  o.a.c.h.Http11NioProtocol - [log,168] - Initializing ProtocolHandler ["http-nio-8080"]
20:14:24.036 [restartedMain] INFO  o.a.c.c.StandardService - [log,168] - Starting service [Tomcat]
20:14:24.038 [restartedMain] INFO  o.a.c.c.StandardEngine - [log,168] - Starting Servlet engine: [Apache Tomcat/11.0.21]
20:14:24.444 [restartedMain] INFO  c.a.d.p.DruidDataSource - [init,865] - {dataSource-4} inited
20:14:24.634 [restartedMain] INFO  c.a.d.p.DruidDataSource - [close,2083] - {dataSource-4} closing ...
20:14:24.635 [restartedMain] INFO  c.a.d.p.DruidDataSource - [close,2156] - {dataSource-4} closed
20:14:24.640 [restartedMain] INFO  o.a.c.c.StandardService - [log,168] - Stopping service [Tomcat]
20:24:47.237 [restartedMain] INFO  c.r.RuoYiApplication - [logStarting,54] - Starting RuoYiApplication using Java 25.0.3 with PID 13368 (D:\develop\huashe\huashe_project\RuoYi-Vue-master\ruoyi-admin\target\classes started by zjd in D:\develop\huashe\huashe_project)
20:24:47.238 [restartedMain] INFO  c.r.RuoYiApplication - [logStartupProfileInfo,658] - The following 1 profile is active: "druid"
20:24:48.697 [restartedMain] INFO  o.a.c.c.StandardService - [log,168] - Starting service [Tomcat]
20:24:48.698 [restartedMain] INFO  o.a.c.c.StandardEngine - [log,168] - Starting Servlet engine: [Apache Tomcat/11.0.21]
20:24:49.131 [restartedMain] INFO  c.a.d.p.DruidDataSource - [init,865] - {dataSource-5} inited
20:24:50.536 [restartedMain] INFO  o.q.c.SchedulerSignalerImpl - [<init>,62] - Initialized Scheduler Signaller of type: class org.quartz.core.SchedulerSignalerImpl
20:24:50.537 [restartedMain] INFO  o.q.c.QuartzScheduler - [<init>,224] - Quartz Scheduler v2.5.2 created.
20:24:50.537 [restartedMain] INFO  o.q.s.RAMJobStore - [initialize,152] - RAMJobStore initialized.
20:24:50.537 [restartedMain] INFO  o.q.c.QuartzScheduler - [initialize,289] - Scheduler meta-data: Quartz Scheduler (v2.5.2) 'quartzScheduler' with instanceId 'NON_CLUSTERED'
  Scheduler class: 'org.quartz.core.QuartzScheduler' - running locally.
  NOT STARTED.
  Currently in standby mode.
  Number of jobs executed: 0
  Using thread pool 'org.quartz.simpl.SimpleThreadPool' - with 10 threads.
  Using job-store 'org.quartz.simpl.RAMJobStore' - which does not support persistence. and is not clustered.

20:24:50.537 [restartedMain] INFO  o.q.c.QuartzScheduler - [setJobFactory,2250] - JobFactory set to: org.springframework.scheduling.quartz.SpringBeanJobFactory@71ede1e6
20:24:51.292 [restartedMain] INFO  o.q.c.QuartzScheduler - [start,541] - Scheduler quartzScheduler_$_NON_CLUSTERED started.
20:24:51.293 [restartedMain] INFO  c.r.RuoYiApplication - [logStarted,60] - Started RuoYiApplication in 4.132 seconds (process running for 6186.863)
20:24:54.839 [http-nio-8080-exec-1] INFO  o.a.c.c.C.[.[.[/] - [log,168] - Initializing Spring DispatcherServlet 'dispatcherServlet'
20:32:37.880 [schedule-pool-1] INFO  sys-user - [run,55] - [127.0.0.1]内网IP[admin][Logout][退出成功]
20:32:37.891 [schedule-pool-1] INFO  n.b.p.u.u.YauaaVersion - [logVersion,104] - Yauaa 8.1.1 (v8.1.1 @ 2026-03-20T07:34:20Z)
20:32:37.966 [schedule-pool-1] INFO  n.b.p.u.c.ConfigLoader - [loadResources,309] - - Loaded 122 files in   69 ms using expression: classpath*:UserAgents/**/*.yaml
20:32:38.435 [schedule-pool-1] INFO  n.b.p.u.a.UserAgentStringMatchMaker - [finalizeLoadingRules,282] - Building all needed matchers for the requested 11 fields.
20:32:38.452 [schedule-pool-1] INFO  n.b.p.u.a.UserAgentStringMatchMaker - [initializeMatchers,336] - Initializing Analyzer data structures
20:32:38.830 [schedule-pool-1] INFO  n.b.p.u.a.UserAgentStringMatchMaker - [initializeMatchers,347] - Built in 377 msec : Hashmap 199731, Ranges map:3004
21:00:54.788 [schedule-pool-1] INFO  sys-user - [run,55] - [127.0.0.1]内网IP[admin][Success][登录成功]
21:01:07.862 [schedule-pool-2] INFO  sys-user - [run,55] - [127.0.0.1]内网IP[admin][Logout][退出成功]
16:54:50.345 [restartedMain] INFO  c.r.RuoYiApplication - [logStarting,54] - Starting RuoYiApplication using Java 24.0.1 with PID 18792 (D:\GitHub\huashe_project\RuoYi-Vue-master\ruoyi-admin\target\classes started by 28030 in D:\GitHub\huashe_project)
16:54:50.346 [restartedMain] INFO  c.r.RuoYiApplication - [logStartupProfileInfo,658] - The following 1 profile is active: "druid"
16:54:52.790 [restartedMain] INFO  o.a.c.h.Http11NioProtocol - [log,168] - Initializing ProtocolHandler ["http-nio-8080"]
16:54:52.790 [restartedMain] INFO  o.a.c.c.StandardService - [log,168] - Starting service [Tomcat]
16:54:52.791 [restartedMain] INFO  o.a.c.c.StandardEngine - [log,168] - Starting Servlet engine: [Apache Tomcat/11.0.21]
16:54:53.103 [restartedMain] INFO  c.a.d.p.DruidDataSource - [init,865] - {dataSource-2} inited
16:54:54.903 [restartedMain] INFO  o.q.c.SchedulerSignalerImpl - [<init>,62] - Initialized Scheduler Signaller of type: class org.quartz.core.SchedulerSignalerImpl
16:54:54.903 [restartedMain] INFO  o.q.c.QuartzScheduler - [<init>,224] - Quartz Scheduler v2.5.2 created.
16:54:54.904 [restartedMain] INFO  o.q.s.RAMJobStore - [initialize,152] - RAMJobStore initialized.
16:54:54.905 [restartedMain] INFO  o.q.c.QuartzScheduler - [initialize,289] - Scheduler meta-data: Quartz Scheduler (v2.5.2) 'quartzScheduler' with instanceId 'NON_CLUSTERED'
  Scheduler class: 'org.quartz.core.QuartzScheduler' - running locally.
  NOT STARTED.
  Currently in standby mode.
  Number of jobs executed: 0
  Using thread pool 'org.quartz.simpl.SimpleThreadPool' - with 10 threads.
  Using job-store 'org.quartz.simpl.RAMJobStore' - which does not support persistence. and is not clustered.

16:54:54.905 [restartedMain] INFO  o.q.c.QuartzScheduler - [setJobFactory,2250] - JobFactory set to: org.springframework.scheduling.quartz.SpringBeanJobFactory@2135d919
16:54:55.433 [restartedMain] INFO  o.a.c.h.Http11NioProtocol - [log,168] - Starting ProtocolHandler ["http-nio-8080"]
16:54:55.441 [restartedMain] INFO  o.q.c.QuartzScheduler - [start,541] - Scheduler quartzScheduler_$_NON_CLUSTERED started.
16:54:55.447 [restartedMain] INFO  c.r.RuoYiApplication - [logStarted,60] - Started RuoYiApplication in 5.278 seconds (process running for 995.884)
16:54:58.787 [http-nio-8080-exec-1] INFO  o.a.c.c.C.[.[.[/] - [log,168] - Initializing Spring DispatcherServlet 'dispatcherServlet'
20:22:18.833 [schedule-pool-1] INFO  sys-user - [run,55] - [127.0.0.1]内网IP[admin][Success][登录成功]
20:22:18.858 [http-nio-8080-exec-72] INFO  n.b.p.u.u.YauaaVersion - [logVersion,104] - Yauaa 8.1.1 (v8.1.1 @ 2026-03-20T07:34:20Z)
20:22:18.968 [http-nio-8080-exec-72] INFO  n.b.p.u.c.ConfigLoader - [loadResources,309] - - Loaded 122 files in  106 ms using expression: classpath*:UserAgents/**/*.yaml
20:22:19.900 [http-nio-8080-exec-72] INFO  n.b.p.u.a.UserAgentStringMatchMaker - [finalizeLoadingRules,282] - Building all needed matchers for the requested 11 fields.
20:22:19.931 [schedule-pool-1] INFO  n.b.p.u.a.UserAgentStringMatchMaker - [initializeMatchers,336] - Initializing Analyzer data structures
20:22:20.910 [schedule-pool-1] INFO  n.b.p.u.a.UserAgentStringMatchMaker - [initializeMatchers,347] - Built in 977 msec : Hashmap 199731, Ranges map:3004
21:28:10.332 [schedule-pool-1] INFO  sys-user - [run,55] - [127.0.0.1]内网IP[admin][Success][登录成功]
23:03:34.576 [schedule-pool-3] INFO  sys-user - [run,55] - [127.0.0.1]内网IP[admin][Success][登录成功]
