10:15:31.411 [http-nio-8080-exec-33] ERROR c.r.f.w.e.GlobalExceptionHandler - [handleAccessDeniedException,39] - 请求地址'/rail/archives/projects',权限校验失败'Access Denied'
10:15:44.951 [http-nio-8080-exec-40] ERROR c.r.f.w.e.GlobalExceptionHandler - [handleAccessDeniedException,39] - 请求地址'/rail/archives/projects',权限校验失败'Access Denied'
10:15:49.078 [http-nio-8080-exec-37] ERROR c.r.f.w.e.GlobalExceptionHandler - [handleAccessDeniedException,39] - 请求地址'/rail/archives/projects',权限校验失败'Access Denied'
10:15:53.643 [http-nio-8080-exec-38] ERROR c.r.f.w.e.GlobalExceptionHandler - [handleAccessDeniedException,39] - 请求地址'/rail/archives/projects',权限校验失败'Access Denied'
10:15:56.282 [http-nio-8080-exec-39] ERROR c.r.f.w.e.GlobalExceptionHandler - [handleAccessDeniedException,39] - 请求地址'/rail/archives/projects',权限校验失败'Access Denied'
10:15:57.795 [http-nio-8080-exec-36] ERROR c.r.f.w.e.GlobalExceptionHandler - [handleAccessDeniedException,39] - 请求地址'/rail/patrol/dicts',权限校验失败'Access Denied'
10:15:58.113 [http-nio-8080-exec-50] ERROR c.r.f.w.e.GlobalExceptionHandler - [handleAccessDeniedException,39] - 请求地址'/rail/patrol/dicts',权限校验失败'Access Denied'
10:15:58.114 [http-nio-8080-exec-49] ERROR c.r.f.w.e.GlobalExceptionHandler - [handleAccessDeniedException,39] - 请求地址'/system/user/list',权限校验失败'Access Denied'
10:15:58.115 [http-nio-8080-exec-47] ERROR c.r.f.w.e.GlobalExceptionHandler - [handleAccessDeniedException,39] - 请求地址'/rail/patrol/statistics',权限校验失败'Access Denied'
10:15:58.116 [http-nio-8080-exec-51] ERROR c.r.f.w.e.GlobalExceptionHandler - [handleAccessDeniedException,39] - 请求地址'/rail/patrol/tasks',权限校验失败'Access Denied'
10:16:03.528 [http-nio-8080-exec-42] ERROR c.r.f.w.e.GlobalExceptionHandler - [handleAccessDeniedException,39] - 请求地址'/rail/archives/projects',权限校验失败'Access Denied'
10:16:11.191 [http-nio-8080-exec-45] ERROR c.r.f.w.e.GlobalExceptionHandler - [handleAccessDeniedException,39] - 请求地址'/rail/archives/projects',权限校验失败'Access Denied'
10:16:26.644 [http-nio-8080-exec-48] ERROR c.r.f.w.e.GlobalExceptionHandler - [handleAccessDeniedException,39] - 请求地址'/rail/archives/projects',权限校验失败'Access Denied'
10:16:28.169 [http-nio-8080-exec-44] ERROR c.r.f.w.e.GlobalExceptionHandler - [handleAccessDeniedException,39] - 请求地址'/rail/archives/projects',权限校验失败'Access Denied'
10:16:30.028 [http-nio-8080-exec-46] ERROR c.r.f.w.e.GlobalExceptionHandler - [handleAccessDeniedException,39] - 请求地址'/rail/knowledge/stats',权限校验失败'Access Denied'
10:16:30.288 [http-nio-8080-exec-52] ERROR c.r.f.w.e.GlobalExceptionHandler - [handleAccessDeniedException,39] - 请求地址'/rail/agent/config',权限校验失败'Access Denied'
10:16:34.411 [http-nio-8080-exec-57] ERROR c.r.f.w.e.GlobalExceptionHandler - [handleAccessDeniedException,39] - 请求地址'/rail/patrol/statistics',权限校验失败'Access Denied'
10:16:34.411 [http-nio-8080-exec-54] ERROR c.r.f.w.e.GlobalExceptionHandler - [handleAccessDeniedException,39] - 请求地址'/rail/patrol/dicts',权限校验失败'Access Denied'
10:16:34.411 [http-nio-8080-exec-60] ERROR c.r.f.w.e.GlobalExceptionHandler - [handleAccessDeniedException,39] - 请求地址'/rail/patrol/tasks',权限校验失败'Access Denied'
10:16:34.413 [http-nio-8080-exec-55] ERROR c.r.f.w.e.GlobalExceptionHandler - [handleAccessDeniedException,39] - 请求地址'/rail/patrol/dicts',权限校验失败'Access Denied'
10:16:34.414 [http-nio-8080-exec-56] ERROR c.r.f.w.e.GlobalExceptionHandler - [handleAccessDeniedException,39] - 请求地址'/system/user/list',权限校验失败'Access Denied'
10:17:04.480 [http-nio-8080-exec-59] ERROR c.r.f.w.e.GlobalExceptionHandler - [handleAccessDeniedException,39] - 请求地址'/rail/patrol/tasks',权限校验失败'Access Denied'
10:18:00.752 [http-nio-8080-exec-61] ERROR c.r.f.w.e.GlobalExceptionHandler - [handleAccessDeniedException,39] - 请求地址'/rail/patrol/dicts',权限校验失败'Access Denied'
10:18:01.065 [http-nio-8080-exec-65] ERROR c.r.f.w.e.GlobalExceptionHandler - [handleAccessDeniedException,39] - 请求地址'/rail/patrol/tasks',权限校验失败'Access Denied'
10:18:01.065 [http-nio-8080-exec-64] ERROR c.r.f.w.e.GlobalExceptionHandler - [handleAccessDeniedException,39] - 请求地址'/rail/patrol/statistics',权限校验失败'Access Denied'
10:18:01.065 [http-nio-8080-exec-62] ERROR c.r.f.w.e.GlobalExceptionHandler - [handleAccessDeniedException,39] - 请求地址'/rail/patrol/dicts',权限校验失败'Access Denied'
10:18:01.065 [http-nio-8080-exec-63] ERROR c.r.f.w.e.GlobalExceptionHandler - [handleAccessDeniedException,39] - 请求地址'/system/user/list',权限校验失败'Access Denied'
14:46:40.475 [http-nio-8080-exec-16] ERROR c.r.f.w.e.GlobalExceptionHandler - [handleAccessDeniedException,39] - 请求地址'/rail/patrol/statistics',权限校验失败'Access Denied'
14:46:40.475 [http-nio-8080-exec-13] ERROR c.r.f.w.e.GlobalExceptionHandler - [handleAccessDeniedException,39] - 请求地址'/rail/patrol/dicts',权限校验失败'Access Denied'
14:46:40.475 [http-nio-8080-exec-14] ERROR c.r.f.w.e.GlobalExceptionHandler - [handleAccessDeniedException,39] - 请求地址'/rail/patrol/dicts',权限校验失败'Access Denied'
14:46:40.475 [http-nio-8080-exec-15] ERROR c.r.f.w.e.GlobalExceptionHandler - [handleAccessDeniedException,39] - 请求地址'/system/user/list',权限校验失败'Access Denied'
14:46:40.475 [http-nio-8080-exec-17] ERROR c.r.f.w.e.GlobalExceptionHandler - [handleAccessDeniedException,39] - 请求地址'/rail/patrol/tasks',权限校验失败'Access Denied'
14:46:53.041 [http-nio-8080-exec-24] ERROR c.r.f.w.e.GlobalExceptionHandler - [handleAccessDeniedException,39] - 请求地址'/rail/patrol/dicts',权限校验失败'Access Denied'
14:46:53.371 [http-nio-8080-exec-27] ERROR c.r.f.w.e.GlobalExceptionHandler - [handleAccessDeniedException,39] - 请求地址'/rail/patrol/statistics',权限校验失败'Access Denied'
14:46:53.371 [http-nio-8080-exec-25] ERROR c.r.f.w.e.GlobalExceptionHandler - [handleAccessDeniedException,39] - 请求地址'/rail/patrol/dicts',权限校验失败'Access Denied'
14:46:53.371 [http-nio-8080-exec-26] ERROR c.r.f.w.e.GlobalExceptionHandler - [handleAccessDeniedException,39] - 请求地址'/system/user/list',权限校验失败'Access Denied'
14:46:53.371 [http-nio-8080-exec-28] ERROR c.r.f.w.e.GlobalExceptionHandler - [handleAccessDeniedException,39] - 请求地址'/rail/patrol/tasks',权限校验失败'Access Denied'
14:47:07.561 [http-nio-8080-exec-32] ERROR c.r.f.w.e.GlobalExceptionHandler - [handleAccessDeniedException,39] - 请求地址'/rail/patrol/dicts',权限校验失败'Access Denied'
14:47:07.867 [http-nio-8080-exec-35] ERROR c.r.f.w.e.GlobalExceptionHandler - [handleAccessDeniedException,39] - 请求地址'/rail/patrol/statistics',权限校验失败'Access Denied'
14:47:07.869 [http-nio-8080-exec-33] ERROR c.r.f.w.e.GlobalExceptionHandler - [handleAccessDeniedException,39] - 请求地址'/rail/patrol/dicts',权限校验失败'Access Denied'
14:47:07.872 [http-nio-8080-exec-36] ERROR c.r.f.w.e.GlobalExceptionHandler - [handleAccessDeniedException,39] - 请求地址'/rail/patrol/tasks',权限校验失败'Access Denied'
14:47:07.873 [http-nio-8080-exec-34] ERROR c.r.f.w.e.GlobalExceptionHandler - [handleAccessDeniedException,39] - 请求地址'/system/user/list',权限校验失败'Access Denied'
14:47:52.073 [http-nio-8080-exec-40] ERROR c.r.f.w.e.GlobalExceptionHandler - [handleAccessDeniedException,39] - 请求地址'/rail/patrol/dicts',权限校验失败'Access Denied'
14:47:52.392 [http-nio-8080-exec-43] ERROR c.r.f.w.e.GlobalExceptionHandler - [handleAccessDeniedException,39] - 请求地址'/rail/patrol/statistics',权限校验失败'Access Denied'
14:47:52.392 [http-nio-8080-exec-44] ERROR c.r.f.w.e.GlobalExceptionHandler - [handleAccessDeniedException,39] - 请求地址'/rail/patrol/tasks',权限校验失败'Access Denied'
14:47:52.392 [http-nio-8080-exec-41] ERROR c.r.f.w.e.GlobalExceptionHandler - [handleAccessDeniedException,39] - 请求地址'/rail/patrol/dicts',权限校验失败'Access Denied'
14:47:52.392 [http-nio-8080-exec-42] ERROR c.r.f.w.e.GlobalExceptionHandler - [handleAccessDeniedException,39] - 请求地址'/system/user/list',权限校验失败'Access Denied'
15:06:52.406 [http-nio-8080-exec-56] ERROR c.r.f.w.e.GlobalExceptionHandler - [handleAccessDeniedException,39] - 请求地址'/rail/patrol/statistics',权限校验失败'Access Denied'
15:06:52.406 [http-nio-8080-exec-55] ERROR c.r.f.w.e.GlobalExceptionHandler - [handleAccessDeniedException,39] - 请求地址'/rail/patrol/dicts',权限校验失败'Access Denied'
15:06:52.408 [http-nio-8080-exec-54] ERROR c.r.f.w.e.GlobalExceptionHandler - [handleAccessDeniedException,39] - 请求地址'/rail/patrol/dicts',权限校验失败'Access Denied'
15:06:52.408 [http-nio-8080-exec-57] ERROR c.r.f.w.e.GlobalExceptionHandler - [handleAccessDeniedException,39] - 请求地址'/rail/patrol/tasks',权限校验失败'Access Denied'
15:07:08.866 [http-nio-8080-exec-87] ERROR c.r.f.w.e.GlobalExceptionHandler - [handleAccessDeniedException,39] - 请求地址'/rail/audit-sessions/ses_cc1e0091e9dc416884ec986e66b2e0ff',权限校验失败'Access Denied'
15:07:31.694 [http-nio-8080-exec-1] ERROR c.r.f.w.e.GlobalExceptionHandler - [handleAccessDeniedException,39] - 请求地址'/rail/patrol/dicts',权限校验失败'Access Denied'
15:07:31.999 [http-nio-8080-exec-2] ERROR c.r.f.w.e.GlobalExceptionHandler - [handleAccessDeniedException,39] - 请求地址'/rail/patrol/dicts',权限校验失败'Access Denied'
15:07:31.999 [http-nio-8080-exec-3] ERROR c.r.f.w.e.GlobalExceptionHandler - [handleAccessDeniedException,39] - 请求地址'/rail/patrol/statistics',权限校验失败'Access Denied'
15:07:31.999 [http-nio-8080-exec-4] ERROR c.r.f.w.e.GlobalExceptionHandler - [handleAccessDeniedException,39] - 请求地址'/rail/patrol/tasks',权限校验失败'Access Denied'
15:08:32.780 [http-nio-8080-exec-11] ERROR c.r.f.w.e.GlobalExceptionHandler - [handleAccessDeniedException,39] - 请求地址'/rail/reply/recognize',权限校验失败'Access Denied'
15:08:42.852 [http-nio-8080-exec-17] ERROR c.r.f.w.e.GlobalExceptionHandler - [handleAccessDeniedException,39] - 请求地址'/rail/full/tasks',权限校验失败'Access Denied'
15:08:48.974 [http-nio-8080-exec-21] ERROR c.r.f.w.e.GlobalExceptionHandler - [handleAccessDeniedException,39] - 请求地址'/rail/full/tasks',权限校验失败'Access Denied'
