11:17:31.301 [schedule-pool-1] INFO  sys-user - [run,55] - [127.0.0.1]内网IP[admin][Success][登录成功]
11:49:41.289 [schedule-pool-2] INFO  sys-user - [run,55] - [127.0.0.1]内网IP[admin][Success][登录成功]
12:35:47.414 [schedule-pool-3] INFO  sys-user - [run,55] - [127.0.0.1]内网IP[admin][Success][登录成功]
12:40:22.317 [Thread-5] INFO  o.q.c.QuartzScheduler - [standby,576] - Scheduler quartzScheduler_$_NON_CLUSTERED paused.
12:40:22.328 [tomcat-shutdown] INFO  o.a.c.h.Http11NioProtocol - [log,168] - Pausing ProtocolHandler ["http-nio-8080"]
12:40:22.341 [Thread-5] INFO  o.a.c.h.Http11NioProtocol - [log,168] - Stopping ProtocolHandler ["http-nio-8080"]
12:40:22.410 [Thread-5] INFO  o.q.c.QuartzScheduler - [shutdown,656] - Scheduler quartzScheduler_$_NON_CLUSTERED shutting down.
12:40:22.411 [Thread-5] INFO  o.q.c.QuartzScheduler - [standby,576] - Scheduler quartzScheduler_$_NON_CLUSTERED paused.
12:40:22.412 [Thread-5] INFO  o.q.c.QuartzScheduler - [shutdown,728] - Scheduler quartzScheduler_$_NON_CLUSTERED shutdown complete.
12:40:22.427 [Thread-5] INFO  sys-user - [shutdownAsyncManager,31] - ====关闭后台任务任务线程池====
12:40:22.433 [Thread-5] INFO  c.a.d.p.DruidDataSource - [close,2083] - {dataSource-2} closing ...
12:40:22.438 [Thread-5] INFO  c.a.d.p.DruidDataSource - [close,2156] - {dataSource-2} closed
12:40:23.210 [restartedMain] INFO  c.r.RuoYiApplication - [logStarting,54] - Starting RuoYiApplication using Java 24.0.1 with PID 18792 (D:\GitHub\huashe_project\RuoYi-Vue-master\ruoyi-admin\target\classes started by 28030 in D:\GitHub\huashe_project)
12:40:23.213 [restartedMain] INFO  c.r.RuoYiApplication - [logStartupProfileInfo,658] - The following 1 profile is active: "druid"
12:40:28.926 [restartedMain] INFO  o.a.c.h.Http11NioProtocol - [log,168] - Initializing ProtocolHandler ["http-nio-8080"]
12:40:28.927 [restartedMain] INFO  o.a.c.c.StandardService - [log,168] - Starting service [Tomcat]
12:40:28.927 [restartedMain] INFO  o.a.c.c.StandardEngine - [log,168] - Starting Servlet engine: [Apache Tomcat/11.0.21]
12:40:29.581 [restartedMain] INFO  c.a.d.p.DruidDataSource - [init,865] - {dataSource-3} inited
12:40:32.265 [restartedMain] INFO  o.q.c.SchedulerSignalerImpl - [<init>,62] - Initialized Scheduler Signaller of type: class org.quartz.core.SchedulerSignalerImpl
12:40:32.266 [restartedMain] INFO  o.q.c.QuartzScheduler - [<init>,224] - Quartz Scheduler v2.5.2 created.
12:40:32.267 [restartedMain] INFO  o.q.s.RAMJobStore - [initialize,152] - RAMJobStore initialized.
12:40:32.267 [restartedMain] INFO  o.q.c.QuartzScheduler - [initialize,289] - Scheduler meta-data: Quartz Scheduler (v2.5.2) 'quartzScheduler' with instanceId 'NON_CLUSTERED'
  Scheduler class: 'org.quartz.core.QuartzScheduler' - running locally.
  NOT STARTED.
  Currently in standby mode.
  Number of jobs executed: 0
  Using thread pool 'org.quartz.simpl.SimpleThreadPool' - with 10 threads.
  Using job-store 'org.quartz.simpl.RAMJobStore' - which does not support persistence. and is not clustered.

12:40:32.267 [restartedMain] INFO  o.q.c.QuartzScheduler - [setJobFactory,2250] - JobFactory set to: org.springframework.scheduling.quartz.SpringBeanJobFactory@6ec99b2d
12:40:34.048 [restartedMain] INFO  o.a.c.h.Http11NioProtocol - [log,168] - Starting ProtocolHandler ["http-nio-8080"]
12:40:34.064 [restartedMain] INFO  o.q.c.QuartzScheduler - [start,541] - Scheduler quartzScheduler_$_NON_CLUSTERED started.
12:40:34.096 [restartedMain] INFO  c.r.RuoYiApplication - [logStarted,60] - Started RuoYiApplication in 11.07 seconds (process running for 72134.534)
12:40:37.884 [http-nio-8080-exec-1] INFO  o.a.c.c.C.[.[.[/] - [log,168] - Initializing Spring DispatcherServlet 'dispatcherServlet'
12:54:40.010 [background-preinit] INFO  o.h.v.i.util.Version - [<clinit>,18] - HV000001: Hibernate Validator 9.0.1.Final
12:54:40.063 [restartedMain] INFO  c.r.RuoYiApplication - [logStarting,54] - Starting RuoYiApplication using Java 24.0.1 with PID 23684 (D:\GitHub\huashe_project\RuoYi-Vue-master\ruoyi-admin\target\classes started by 28030 in D:\GitHub\huashe_project)
12:54:40.066 [restartedMain] INFO  c.r.RuoYiApplication - [logStartupProfileInfo,658] - The following 1 profile is active: "druid"
12:54:43.452 [restartedMain] INFO  o.a.c.h.Http11NioProtocol - [log,168] - Initializing ProtocolHandler ["http-nio-8080"]
12:54:43.455 [restartedMain] INFO  o.a.c.c.StandardService - [log,168] - Starting service [Tomcat]
12:54:43.456 [restartedMain] INFO  o.a.c.c.StandardEngine - [log,168] - Starting Servlet engine: [Apache Tomcat/11.0.21]
12:54:45.182 [restartedMain] INFO  c.a.d.p.DruidDataSource - [init,865] - {dataSource-1} inited
12:54:48.364 [restartedMain] INFO  o.q.c.SchedulerSignalerImpl - [<init>,62] - Initialized Scheduler Signaller of type: class org.quartz.core.SchedulerSignalerImpl
12:54:48.365 [restartedMain] INFO  o.q.c.QuartzScheduler - [<init>,224] - Quartz Scheduler v2.5.2 created.
12:54:48.366 [restartedMain] INFO  o.q.s.RAMJobStore - [initialize,152] - RAMJobStore initialized.
12:54:48.366 [restartedMain] INFO  o.q.c.QuartzScheduler - [initialize,289] - Scheduler meta-data: Quartz Scheduler (v2.5.2) 'quartzScheduler' with instanceId 'NON_CLUSTERED'
  Scheduler class: 'org.quartz.core.QuartzScheduler' - running locally.
  NOT STARTED.
  Currently in standby mode.
  Number of jobs executed: 0
  Using thread pool 'org.quartz.simpl.SimpleThreadPool' - with 10 threads.
  Using job-store 'org.quartz.simpl.RAMJobStore' - which does not support persistence. and is not clustered.

12:54:48.366 [restartedMain] INFO  o.q.c.QuartzScheduler - [setJobFactory,2250] - JobFactory set to: org.springframework.scheduling.quartz.SpringBeanJobFactory@2bb3e46a
12:54:49.401 [restartedMain] INFO  o.a.c.h.Http11NioProtocol - [log,168] - Starting ProtocolHandler ["http-nio-8080"]
12:54:49.436 [restartedMain] INFO  o.q.c.QuartzScheduler - [start,541] - Scheduler quartzScheduler_$_NON_CLUSTERED started.
12:54:49.447 [restartedMain] INFO  c.r.RuoYiApplication - [logStarted,60] - Started RuoYiApplication in 9.925 seconds (process running for 11.309)
12:55:54.290 [http-nio-8080-exec-1] INFO  o.a.c.c.C.[.[.[/] - [log,168] - Initializing Spring DispatcherServlet 'dispatcherServlet'
15:06:28.385 [Thread-1] INFO  o.q.c.QuartzScheduler - [standby,576] - Scheduler quartzScheduler_$_NON_CLUSTERED paused.
15:06:28.423 [tomcat-shutdown] INFO  o.a.c.h.Http11NioProtocol - [log,168] - Pausing ProtocolHandler ["http-nio-8080"]
15:06:28.519 [Thread-1] INFO  o.a.c.h.Http11NioProtocol - [log,168] - Stopping ProtocolHandler ["http-nio-8080"]
15:06:28.680 [Thread-1] INFO  o.q.c.QuartzScheduler - [shutdown,656] - Scheduler quartzScheduler_$_NON_CLUSTERED shutting down.
15:06:28.685 [Thread-1] INFO  o.q.c.QuartzScheduler - [standby,576] - Scheduler quartzScheduler_$_NON_CLUSTERED paused.
15:06:28.686 [Thread-1] INFO  o.q.c.QuartzScheduler - [shutdown,728] - Scheduler quartzScheduler_$_NON_CLUSTERED shutdown complete.
15:06:28.692 [Thread-1] INFO  sys-user - [shutdownAsyncManager,31] - ====关闭后台任务任务线程池====
15:06:28.817 [Thread-1] INFO  c.a.d.p.DruidDataSource - [close,2083] - {dataSource-1} closing ...
15:06:28.833 [Thread-1] INFO  c.a.d.p.DruidDataSource - [close,2156] - {dataSource-1} closed
15:06:29.670 [restartedMain] INFO  c.r.RuoYiApplication - [logStarting,54] - Starting RuoYiApplication using Java 24.0.1 with PID 23684 (D:\GitHub\huashe_project\RuoYi-Vue-master\ruoyi-admin\target\classes started by 28030 in D:\GitHub\huashe_project)
15:06:29.709 [restartedMain] INFO  c.r.RuoYiApplication - [logStartupProfileInfo,658] - The following 1 profile is active: "druid"
15:06:44.171 [restartedMain] INFO  o.a.c.h.Http11NioProtocol - [log,168] - Initializing ProtocolHandler ["http-nio-8080"]
15:06:44.176 [restartedMain] INFO  o.a.c.c.StandardService - [log,168] - Starting service [Tomcat]
15:06:44.188 [restartedMain] INFO  o.a.c.c.StandardEngine - [log,168] - Starting Servlet engine: [Apache Tomcat/11.0.21]
15:06:46.461 [restartedMain] INFO  c.a.d.p.DruidDataSource - [init,865] - {dataSource-2} inited
15:06:46.479 [Druid-ConnectionPool-Create-2101046375] INFO  c.a.d.p.DruidAbstractDataSource - [setFailContinuous,1908] - {dataSource-2} failContinuous is true
15:06:46.484 [restartedMain] INFO  o.a.c.c.StandardService - [log,168] - Stopping service [Tomcat]
15:08:04.847 [background-preinit] INFO  o.h.v.i.util.Version - [<clinit>,18] - HV000001: Hibernate Validator 9.0.1.Final
15:08:04.925 [restartedMain] INFO  c.r.RuoYiApplication - [logStarting,54] - Starting RuoYiApplication using Java 24.0.1 with PID 37808 (D:\GitHub\huashe_project\RuoYi-Vue-master\ruoyi-admin\target\classes started by 28030 in D:\GitHub\huashe_project)
15:08:04.928 [restartedMain] INFO  c.r.RuoYiApplication - [logStartupProfileInfo,658] - The following 1 profile is active: "druid"
15:08:08.806 [restartedMain] INFO  o.a.c.h.Http11NioProtocol - [log,168] - Initializing ProtocolHandler ["http-nio-8080"]
15:08:08.859 [restartedMain] INFO  o.a.c.c.StandardService - [log,168] - Starting service [Tomcat]
15:08:08.913 [restartedMain] INFO  o.a.c.c.StandardEngine - [log,168] - Starting Servlet engine: [Apache Tomcat/11.0.21]
15:08:10.887 [restartedMain] INFO  c.a.d.p.DruidDataSource - [init,865] - {dataSource-1} inited
15:08:10.895 [Druid-ConnectionPool-Create-2061757683] INFO  c.a.d.p.DruidAbstractDataSource - [setFailContinuous,1908] - {dataSource-1} failContinuous is true
15:08:10.909 [restartedMain] INFO  o.a.c.c.StandardService - [log,168] - Stopping service [Tomcat]
15:08:52.638 [background-preinit] INFO  o.h.v.i.util.Version - [<clinit>,18] - HV000001: Hibernate Validator 9.0.1.Final
15:08:52.690 [restartedMain] INFO  c.r.RuoYiApplication - [logStarting,54] - Starting RuoYiApplication using Java 24.0.1 with PID 24456 (D:\GitHub\huashe_project\RuoYi-Vue-master\ruoyi-admin\target\classes started by 28030 in D:\GitHub\huashe_project)
15:08:52.692 [restartedMain] INFO  c.r.RuoYiApplication - [logStartupProfileInfo,658] - The following 1 profile is active: "druid"
15:08:56.289 [restartedMain] INFO  o.a.c.h.Http11NioProtocol - [log,168] - Initializing ProtocolHandler ["http-nio-8080"]
15:08:56.292 [restartedMain] INFO  o.a.c.c.StandardService - [log,168] - Starting service [Tomcat]
15:08:56.293 [restartedMain] INFO  o.a.c.c.StandardEngine - [log,168] - Starting Servlet engine: [Apache Tomcat/11.0.21]
15:08:57.952 [restartedMain] INFO  c.a.d.p.DruidDataSource - [init,865] - {dataSource-1} inited
15:08:57.959 [Druid-ConnectionPool-Create-1149947497] INFO  c.a.d.p.DruidAbstractDataSource - [setFailContinuous,1908] - {dataSource-1} failContinuous is true
15:08:57.971 [restartedMain] INFO  o.a.c.c.StandardService - [log,168] - Stopping service [Tomcat]
15:29:42.532 [restartedMain] INFO  c.r.RuoYiApplication - [logStarting,54] - Starting RuoYiApplication using Java 24.0.1 with PID 23684 (D:\GitHub\huashe_project\RuoYi-Vue-master\ruoyi-admin\target\classes started by 28030 in D:\GitHub\huashe_project)
15:29:42.534 [restartedMain] INFO  c.r.RuoYiApplication - [logStartupProfileInfo,658] - The following 1 profile is active: "druid"
15:29:43.270 [background-preinit] INFO  o.h.v.i.util.Version - [<clinit>,18] - HV000001: Hibernate Validator 9.0.1.Final
15:29:43.341 [restartedMain] INFO  c.r.RuoYiApplication - [logStarting,54] - Starting RuoYiApplication using Java 24.0.1 with PID 9776 (D:\GitHub\huashe_project\RuoYi-Vue-master\ruoyi-admin\target\classes started by 28030 in D:\GitHub\huashe_project)
15:29:43.343 [restartedMain] INFO  c.r.RuoYiApplication - [logStartupProfileInfo,658] - The following 1 profile is active: "druid"
15:29:44.757 [restartedMain] INFO  o.a.c.h.Http11NioProtocol - [log,168] - Initializing ProtocolHandler ["http-nio-8080"]
15:29:44.758 [restartedMain] INFO  o.a.c.c.StandardService - [log,168] - Starting service [Tomcat]
15:29:44.759 [restartedMain] INFO  o.a.c.c.StandardEngine - [log,168] - Starting Servlet engine: [Apache Tomcat/11.0.21]
15:29:45.260 [restartedMain] INFO  c.a.d.p.DruidDataSource - [init,865] - {dataSource-3} inited
15:29:47.789 [restartedMain] INFO  o.q.c.SchedulerSignalerImpl - [<init>,62] - Initialized Scheduler Signaller of type: class org.quartz.core.SchedulerSignalerImpl
15:29:47.790 [restartedMain] INFO  o.q.c.QuartzScheduler - [<init>,224] - Quartz Scheduler v2.5.2 created.
15:29:47.790 [restartedMain] INFO  o.q.s.RAMJobStore - [initialize,152] - RAMJobStore initialized.
15:29:47.790 [restartedMain] INFO  o.q.c.QuartzScheduler - [initialize,289] - Scheduler meta-data: Quartz Scheduler (v2.5.2) 'quartzScheduler' with instanceId 'NON_CLUSTERED'
  Scheduler class: 'org.quartz.core.QuartzScheduler' - running locally.
  NOT STARTED.
  Currently in standby mode.
  Number of jobs executed: 0
  Using thread pool 'org.quartz.simpl.SimpleThreadPool' - with 10 threads.
  Using job-store 'org.quartz.simpl.RAMJobStore' - which does not support persistence. and is not clustered.

15:29:47.790 [restartedMain] INFO  o.q.c.QuartzScheduler - [setJobFactory,2250] - JobFactory set to: org.springframework.scheduling.quartz.SpringBeanJobFactory@4857946e
15:29:48.662 [restartedMain] INFO  o.a.c.h.Http11NioProtocol - [log,168] - Initializing ProtocolHandler ["http-nio-8080"]
15:29:48.674 [restartedMain] INFO  o.a.c.c.StandardService - [log,168] - Starting service [Tomcat]
15:29:48.680 [restartedMain] INFO  o.a.c.c.StandardEngine - [log,168] - Starting Servlet engine: [Apache Tomcat/11.0.21]
15:29:48.779 [restartedMain] INFO  o.a.c.h.Http11NioProtocol - [log,168] - Starting ProtocolHandler ["http-nio-8080"]
15:29:48.804 [restartedMain] INFO  o.q.c.QuartzScheduler - [start,541] - Scheduler quartzScheduler_$_NON_CLUSTERED started.
15:29:48.827 [restartedMain] INFO  c.r.RuoYiApplication - [logStarted,60] - Started RuoYiApplication in 6.407 seconds (process running for 9310.688)
15:29:50.390 [restartedMain] INFO  c.a.d.p.DruidDataSource - [init,865] - {dataSource-1} inited
15:29:53.482 [restartedMain] INFO  o.q.c.SchedulerSignalerImpl - [<init>,62] - Initialized Scheduler Signaller of type: class org.quartz.core.SchedulerSignalerImpl
15:29:53.483 [restartedMain] INFO  o.q.c.QuartzScheduler - [<init>,224] - Quartz Scheduler v2.5.2 created.
15:29:53.484 [restartedMain] INFO  o.q.s.RAMJobStore - [initialize,152] - RAMJobStore initialized.
15:29:53.485 [restartedMain] INFO  o.q.c.QuartzScheduler - [initialize,289] - Scheduler meta-data: Quartz Scheduler (v2.5.2) 'quartzScheduler' with instanceId 'NON_CLUSTERED'
  Scheduler class: 'org.quartz.core.QuartzScheduler' - running locally.
  NOT STARTED.
  Currently in standby mode.
  Number of jobs executed: 0
  Using thread pool 'org.quartz.simpl.SimpleThreadPool' - with 10 threads.
  Using job-store 'org.quartz.simpl.RAMJobStore' - which does not support persistence. and is not clustered.

15:29:53.485 [restartedMain] INFO  o.q.c.QuartzScheduler - [setJobFactory,2250] - JobFactory set to: org.springframework.scheduling.quartz.SpringBeanJobFactory@7977886a
15:29:54.658 [restartedMain] INFO  o.a.c.h.Http11NioProtocol - [log,168] - Starting ProtocolHandler ["http-nio-8080"]
15:29:54.676 [restartedMain] INFO  o.q.c.QuartzScheduler - [shutdown,656] - Scheduler quartzScheduler_$_NON_CLUSTERED shutting down.
15:29:54.677 [restartedMain] INFO  o.q.c.QuartzScheduler - [standby,576] - Scheduler quartzScheduler_$_NON_CLUSTERED paused.
15:29:54.677 [restartedMain] INFO  o.q.c.QuartzScheduler - [shutdown,728] - Scheduler quartzScheduler_$_NON_CLUSTERED shutdown complete.
15:29:54.678 [restartedMain] INFO  sys-user - [shutdownAsyncManager,31] - ====关闭后台任务任务线程池====
15:29:54.683 [restartedMain] INFO  c.a.d.p.DruidDataSource - [close,2083] - {dataSource-1} closing ...
15:29:54.690 [restartedMain] INFO  c.a.d.p.DruidDataSource - [close,2156] - {dataSource-1} closed
15:31:52.469 [background-preinit] INFO  o.h.v.i.util.Version - [<clinit>,18] - HV000001: Hibernate Validator 9.0.1.Final
15:31:52.521 [restartedMain] INFO  c.r.RuoYiApplication - [logStarting,54] - Starting RuoYiApplication using Java 24.0.1 with PID 37892 (D:\GitHub\huashe_project\RuoYi-Vue-master\ruoyi-admin\target\classes started by 28030 in D:\GitHub\huashe_project)
15:31:52.522 [restartedMain] INFO  c.r.RuoYiApplication - [logStartupProfileInfo,658] - The following 1 profile is active: "druid"
15:31:57.190 [restartedMain] INFO  o.a.c.h.Http11NioProtocol - [log,168] - Initializing ProtocolHandler ["http-nio-8080"]
15:31:57.193 [restartedMain] INFO  o.a.c.c.StandardService - [log,168] - Starting service [Tomcat]
15:31:57.194 [restartedMain] INFO  o.a.c.c.StandardEngine - [log,168] - Starting Servlet engine: [Apache Tomcat/11.0.21]
15:31:59.179 [restartedMain] INFO  c.a.d.p.DruidDataSource - [init,865] - {dataSource-1} inited
15:32:03.719 [restartedMain] INFO  o.q.c.SchedulerSignalerImpl - [<init>,62] - Initialized Scheduler Signaller of type: class org.quartz.core.SchedulerSignalerImpl
15:32:03.720 [restartedMain] INFO  o.q.c.QuartzScheduler - [<init>,224] - Quartz Scheduler v2.5.2 created.
15:32:03.721 [restartedMain] INFO  o.q.s.RAMJobStore - [initialize,152] - RAMJobStore initialized.
15:32:03.723 [restartedMain] INFO  o.q.c.QuartzScheduler - [initialize,289] - Scheduler meta-data: Quartz Scheduler (v2.5.2) 'quartzScheduler' with instanceId 'NON_CLUSTERED'
  Scheduler class: 'org.quartz.core.QuartzScheduler' - running locally.
  NOT STARTED.
  Currently in standby mode.
  Number of jobs executed: 0
  Using thread pool 'org.quartz.simpl.SimpleThreadPool' - with 10 threads.
  Using job-store 'org.quartz.simpl.RAMJobStore' - which does not support persistence. and is not clustered.

15:32:03.723 [restartedMain] INFO  o.q.c.QuartzScheduler - [setJobFactory,2250] - JobFactory set to: org.springframework.scheduling.quartz.SpringBeanJobFactory@1efb4132
15:32:05.223 [restartedMain] INFO  o.a.c.h.Http11NioProtocol - [log,168] - Starting ProtocolHandler ["http-nio-8080"]
15:32:05.246 [restartedMain] INFO  o.q.c.QuartzScheduler - [start,541] - Scheduler quartzScheduler_$_NON_CLUSTERED started.
15:32:05.255 [restartedMain] INFO  c.r.RuoYiApplication - [logStarted,60] - Started RuoYiApplication in 13.215 seconds (process running for 14.255)
15:36:08.152 [http-nio-8080-exec-1] INFO  o.a.c.c.C.[.[.[/] - [log,168] - Initializing Spring DispatcherServlet 'dispatcherServlet'
15:37:29.919 [schedule-pool-1] INFO  sys-user - [run,55] - [127.0.0.1]内网IP[admin][Error][验证码错误]
15:37:30.003 [schedule-pool-1] INFO  n.b.p.u.u.YauaaVersion - [logVersion,104] - Yauaa 8.1.1 (v8.1.1 @ 2026-03-20T07:34:20Z)
15:37:30.144 [schedule-pool-1] INFO  n.b.p.u.c.ConfigLoader - [loadResources,309] - - Loaded 122 files in  135 ms using expression: classpath*:UserAgents/**/*.yaml
15:37:31.125 [schedule-pool-1] INFO  n.b.p.u.a.UserAgentStringMatchMaker - [finalizeLoadingRules,282] - Building all needed matchers for the requested 11 fields.
15:37:31.181 [schedule-pool-1] INFO  n.b.p.u.a.UserAgentStringMatchMaker - [initializeMatchers,336] - Initializing Analyzer data structures
15:37:32.069 [schedule-pool-1] INFO  n.b.p.u.a.UserAgentStringMatchMaker - [initializeMatchers,347] - Built in 886 msec : Hashmap 199731, Ranges map:3004
15:37:33.410 [schedule-pool-1] INFO  sys-user - [run,55] - [127.0.0.1]内网IP[admin][Success][登录成功]
