09:12:55.893 [schedule-pool-2] INFO  sys-user - [run,55] - [127.0.0.1]内网IP[admin][Success][登录成功]
16:27:34.623 [schedule-pool-4] INFO  sys-user - [run,55] - [127.0.0.1]内网IP[admin][Success][登录成功]
17:34:20.734 [Thread-1] INFO  o.q.c.QuartzScheduler - [standby,576] - Scheduler quartzScheduler_$_NON_CLUSTERED paused.
17:34:20.740 [tomcat-shutdown] INFO  o.a.c.h.Http11NioProtocol - [log,168] - Pausing ProtocolHandler ["http-nio-8080"]
17:34:20.750 [Thread-1] INFO  o.a.c.h.Http11NioProtocol - [log,168] - Stopping ProtocolHandler ["http-nio-8080"]
17:34:20.805 [Thread-1] INFO  o.q.c.QuartzScheduler - [shutdown,656] - Scheduler quartzScheduler_$_NON_CLUSTERED shutting down.
17:34:20.805 [Thread-1] INFO  o.q.c.QuartzScheduler - [standby,576] - Scheduler quartzScheduler_$_NON_CLUSTERED paused.
17:34:20.807 [Thread-1] INFO  o.q.c.QuartzScheduler - [shutdown,728] - Scheduler quartzScheduler_$_NON_CLUSTERED shutdown complete.
17:34:20.809 [Thread-1] INFO  sys-user - [shutdownAsyncManager,31] - ====关闭后台任务任务线程池====
17:34:20.814 [Thread-1] INFO  c.a.d.p.DruidDataSource - [close,2083] - {dataSource-1} closing ...
17:34:20.817 [Thread-1] INFO  c.a.d.p.DruidDataSource - [close,2156] - {dataSource-1} closed
17:34:21.188 [restartedMain] INFO  c.r.RuoYiApplication - [logStarting,54] - Starting RuoYiApplication using Java 24.0.1 with PID 21548 (D:\GitHub\huashe_project\RuoYi-Vue-master\ruoyi-admin\target\classes started by 28030 in D:\GitHub\huashe_project)
17:34:21.189 [restartedMain] INFO  c.r.RuoYiApplication - [logStartupProfileInfo,658] - The following 1 profile is active: "druid"
17:34:25.497 [restartedMain] INFO  o.a.c.h.Http11NioProtocol - [log,168] - Initializing ProtocolHandler ["http-nio-8080"]
17:34:25.499 [restartedMain] INFO  o.a.c.c.StandardService - [log,168] - Starting service [Tomcat]
17:34:25.499 [restartedMain] INFO  o.a.c.c.StandardEngine - [log,168] - Starting Servlet engine: [Apache Tomcat/11.0.21]
17:34:26.000 [restartedMain] INFO  c.a.d.p.DruidDataSource - [init,865] - {dataSource-2} inited
17:34:27.508 [restartedMain] INFO  o.q.c.SchedulerSignalerImpl - [<init>,62] - Initialized Scheduler Signaller of type: class org.quartz.core.SchedulerSignalerImpl
17:34:27.508 [restartedMain] INFO  o.q.c.QuartzScheduler - [<init>,224] - Quartz Scheduler v2.5.2 created.
17:34:27.509 [restartedMain] INFO  o.q.s.RAMJobStore - [initialize,152] - RAMJobStore initialized.
17:34:27.509 [restartedMain] INFO  o.q.c.QuartzScheduler - [initialize,289] - Scheduler meta-data: Quartz Scheduler (v2.5.2) 'quartzScheduler' with instanceId 'NON_CLUSTERED'
  Scheduler class: 'org.quartz.core.QuartzScheduler' - running locally.
  NOT STARTED.
  Currently in standby mode.
  Number of jobs executed: 0
  Using thread pool 'org.quartz.simpl.SimpleThreadPool' - with 10 threads.
  Using job-store 'org.quartz.simpl.RAMJobStore' - which does not support persistence. and is not clustered.

17:34:27.509 [restartedMain] INFO  o.q.c.QuartzScheduler - [setJobFactory,2250] - JobFactory set to: org.springframework.scheduling.quartz.SpringBeanJobFactory@77c78d4b
17:34:28.018 [restartedMain] INFO  o.a.c.h.Http11NioProtocol - [log,168] - Starting ProtocolHandler ["http-nio-8080"]
17:34:28.027 [restartedMain] INFO  o.q.c.QuartzScheduler - [start,541] - Scheduler quartzScheduler_$_NON_CLUSTERED started.
17:34:28.033 [restartedMain] INFO  c.r.RuoYiApplication - [logStarted,60] - Started RuoYiApplication in 6.954 seconds (process running for 116776.779)
17:35:20.339 [Thread-5] INFO  o.q.c.QuartzScheduler - [standby,576] - Scheduler quartzScheduler_$_NON_CLUSTERED paused.
17:35:20.340 [tomcat-shutdown] INFO  o.a.c.h.Http11NioProtocol - [log,168] - Pausing ProtocolHandler ["http-nio-8080"]
17:35:20.346 [Thread-5] INFO  o.a.c.h.Http11NioProtocol - [log,168] - Stopping ProtocolHandler ["http-nio-8080"]
17:35:20.353 [Thread-5] INFO  o.q.c.QuartzScheduler - [shutdown,656] - Scheduler quartzScheduler_$_NON_CLUSTERED shutting down.
17:35:20.353 [Thread-5] INFO  o.q.c.QuartzScheduler - [standby,576] - Scheduler quartzScheduler_$_NON_CLUSTERED paused.
17:35:20.353 [Thread-5] INFO  o.q.c.QuartzScheduler - [shutdown,728] - Scheduler quartzScheduler_$_NON_CLUSTERED shutdown complete.
17:35:20.354 [Thread-5] INFO  sys-user - [shutdownAsyncManager,31] - ====关闭后台任务任务线程池====
17:35:20.357 [Thread-5] INFO  c.a.d.p.DruidDataSource - [close,2083] - {dataSource-2} closing ...
17:35:20.360 [Thread-5] INFO  c.a.d.p.DruidDataSource - [close,2156] - {dataSource-2} closed
17:35:20.613 [restartedMain] INFO  c.r.RuoYiApplication - [logStarting,54] - Starting RuoYiApplication using Java 24.0.1 with PID 21548 (D:\GitHub\huashe_project\RuoYi-Vue-master\ruoyi-admin\target\classes started by 28030 in D:\GitHub\huashe_project)
17:35:20.613 [restartedMain] INFO  c.r.RuoYiApplication - [logStartupProfileInfo,658] - The following 1 profile is active: "druid"
17:35:21.469 [restartedMain] INFO  o.a.c.h.Http11NioProtocol - [log,168] - Initializing ProtocolHandler ["http-nio-8080"]
17:35:21.469 [restartedMain] INFO  o.a.c.c.StandardService - [log,168] - Starting service [Tomcat]
17:35:21.469 [restartedMain] INFO  o.a.c.c.StandardEngine - [log,168] - Starting Servlet engine: [Apache Tomcat/11.0.21]
17:35:21.714 [restartedMain] INFO  c.a.d.p.DruidDataSource - [init,865] - {dataSource-3} inited
17:35:22.633 [restartedMain] INFO  o.q.c.SchedulerSignalerImpl - [<init>,62] - Initialized Scheduler Signaller of type: class org.quartz.core.SchedulerSignalerImpl
17:35:22.633 [restartedMain] INFO  o.q.c.QuartzScheduler - [<init>,224] - Quartz Scheduler v2.5.2 created.
17:35:22.633 [restartedMain] INFO  o.q.s.RAMJobStore - [initialize,152] - RAMJobStore initialized.
17:35:22.633 [restartedMain] INFO  o.q.c.QuartzScheduler - [initialize,289] - Scheduler meta-data: Quartz Scheduler (v2.5.2) 'quartzScheduler' with instanceId 'NON_CLUSTERED'
  Scheduler class: 'org.quartz.core.QuartzScheduler' - running locally.
  NOT STARTED.
  Currently in standby mode.
  Number of jobs executed: 0
  Using thread pool 'org.quartz.simpl.SimpleThreadPool' - with 10 threads.
  Using job-store 'org.quartz.simpl.RAMJobStore' - which does not support persistence. and is not clustered.

17:35:22.633 [restartedMain] INFO  o.q.c.QuartzScheduler - [setJobFactory,2250] - JobFactory set to: org.springframework.scheduling.quartz.SpringBeanJobFactory@44d0bcf6
17:35:22.988 [restartedMain] INFO  o.a.c.h.Http11NioProtocol - [log,168] - Starting ProtocolHandler ["http-nio-8080"]
17:35:22.998 [restartedMain] INFO  o.q.c.QuartzScheduler - [start,541] - Scheduler quartzScheduler_$_NON_CLUSTERED started.
17:35:23.000 [restartedMain] INFO  c.r.RuoYiApplication - [logStarted,60] - Started RuoYiApplication in 2.432 seconds (process running for 116831.745)
17:40:24.798 [Thread-9] INFO  o.q.c.QuartzScheduler - [standby,576] - Scheduler quartzScheduler_$_NON_CLUSTERED paused.
17:40:24.798 [tomcat-shutdown] INFO  o.a.c.h.Http11NioProtocol - [log,168] - Pausing ProtocolHandler ["http-nio-8080"]
17:40:24.804 [Thread-9] INFO  o.a.c.h.Http11NioProtocol - [log,168] - Stopping ProtocolHandler ["http-nio-8080"]
17:40:24.821 [Thread-9] INFO  o.q.c.QuartzScheduler - [shutdown,656] - Scheduler quartzScheduler_$_NON_CLUSTERED shutting down.
17:40:24.821 [Thread-9] INFO  o.q.c.QuartzScheduler - [standby,576] - Scheduler quartzScheduler_$_NON_CLUSTERED paused.
17:40:24.822 [Thread-9] INFO  o.q.c.QuartzScheduler - [shutdown,728] - Scheduler quartzScheduler_$_NON_CLUSTERED shutdown complete.
17:40:24.822 [Thread-9] INFO  sys-user - [shutdownAsyncManager,31] - ====关闭后台任务任务线程池====
17:40:24.825 [Thread-9] INFO  c.a.d.p.DruidDataSource - [close,2083] - {dataSource-3} closing ...
17:40:24.827 [Thread-9] INFO  c.a.d.p.DruidDataSource - [close,2156] - {dataSource-3} closed
17:40:25.096 [restartedMain] INFO  c.r.RuoYiApplication - [logStarting,54] - Starting RuoYiApplication using Java 24.0.1 with PID 21548 (D:\GitHub\huashe_project\RuoYi-Vue-master\ruoyi-admin\target\classes started by 28030 in D:\GitHub\huashe_project)
17:40:25.097 [restartedMain] INFO  c.r.RuoYiApplication - [logStartupProfileInfo,658] - The following 1 profile is active: "druid"
17:40:25.825 [restartedMain] INFO  o.a.c.h.Http11NioProtocol - [log,168] - Initializing ProtocolHandler ["http-nio-8080"]
17:40:25.826 [restartedMain] INFO  o.a.c.c.StandardService - [log,168] - Starting service [Tomcat]
17:40:25.826 [restartedMain] INFO  o.a.c.c.StandardEngine - [log,168] - Starting Servlet engine: [Apache Tomcat/11.0.21]
17:40:26.096 [restartedMain] INFO  c.a.d.p.DruidDataSource - [init,865] - {dataSource-4} inited
17:40:27.046 [restartedMain] INFO  o.q.c.SchedulerSignalerImpl - [<init>,62] - Initialized Scheduler Signaller of type: class org.quartz.core.SchedulerSignalerImpl
17:40:27.047 [restartedMain] INFO  o.q.c.QuartzScheduler - [<init>,224] - Quartz Scheduler v2.5.2 created.
17:40:27.047 [restartedMain] INFO  o.q.s.RAMJobStore - [initialize,152] - RAMJobStore initialized.
17:40:27.047 [restartedMain] INFO  o.q.c.QuartzScheduler - [initialize,289] - Scheduler meta-data: Quartz Scheduler (v2.5.2) 'quartzScheduler' with instanceId 'NON_CLUSTERED'
  Scheduler class: 'org.quartz.core.QuartzScheduler' - running locally.
  NOT STARTED.
  Currently in standby mode.
  Number of jobs executed: 0
  Using thread pool 'org.quartz.simpl.SimpleThreadPool' - with 10 threads.
  Using job-store 'org.quartz.simpl.RAMJobStore' - which does not support persistence. and is not clustered.

17:40:27.047 [restartedMain] INFO  o.q.c.QuartzScheduler - [setJobFactory,2250] - JobFactory set to: org.springframework.scheduling.quartz.SpringBeanJobFactory@4e3c0ca0
17:40:27.383 [restartedMain] INFO  o.a.c.h.Http11NioProtocol - [log,168] - Starting ProtocolHandler ["http-nio-8080"]
17:40:27.392 [restartedMain] INFO  o.q.c.QuartzScheduler - [start,541] - Scheduler quartzScheduler_$_NON_CLUSTERED started.
17:40:27.393 [restartedMain] INFO  c.r.RuoYiApplication - [logStarted,60] - Started RuoYiApplication in 2.358 seconds (process running for 117136.139)
17:42:06.289 [Thread-13] INFO  o.q.c.QuartzScheduler - [standby,576] - Scheduler quartzScheduler_$_NON_CLUSTERED paused.
17:42:06.290 [tomcat-shutdown] INFO  o.a.c.h.Http11NioProtocol - [log,168] - Pausing ProtocolHandler ["http-nio-8080"]
17:42:06.296 [Thread-13] INFO  o.a.c.h.Http11NioProtocol - [log,168] - Stopping ProtocolHandler ["http-nio-8080"]
17:42:06.308 [Thread-13] INFO  o.q.c.QuartzScheduler - [shutdown,656] - Scheduler quartzScheduler_$_NON_CLUSTERED shutting down.
17:42:06.310 [Thread-13] INFO  o.q.c.QuartzScheduler - [standby,576] - Scheduler quartzScheduler_$_NON_CLUSTERED paused.
17:42:06.311 [Thread-13] INFO  o.q.c.QuartzScheduler - [shutdown,728] - Scheduler quartzScheduler_$_NON_CLUSTERED shutdown complete.
17:42:06.311 [Thread-13] INFO  sys-user - [shutdownAsyncManager,31] - ====关闭后台任务任务线程池====
17:42:06.315 [Thread-13] INFO  c.a.d.p.DruidDataSource - [close,2083] - {dataSource-4} closing ...
17:42:06.319 [Thread-13] INFO  c.a.d.p.DruidDataSource - [close,2156] - {dataSource-4} closed
17:42:06.607 [restartedMain] INFO  c.r.RuoYiApplication - [logStarting,54] - Starting RuoYiApplication using Java 24.0.1 with PID 21548 (D:\GitHub\huashe_project\RuoYi-Vue-master\ruoyi-admin\target\classes started by 28030 in D:\GitHub\huashe_project)
17:42:06.609 [restartedMain] INFO  c.r.RuoYiApplication - [logStartupProfileInfo,658] - The following 1 profile is active: "druid"
17:42:07.530 [restartedMain] INFO  o.a.c.h.Http11NioProtocol - [log,168] - Initializing ProtocolHandler ["http-nio-8080"]
17:42:07.530 [restartedMain] INFO  o.a.c.c.StandardService - [log,168] - Starting service [Tomcat]
17:42:07.530 [restartedMain] INFO  o.a.c.c.StandardEngine - [log,168] - Starting Servlet engine: [Apache Tomcat/11.0.21]
17:42:07.855 [restartedMain] INFO  c.a.d.p.DruidDataSource - [init,865] - {dataSource-5} inited
17:42:09.510 [restartedMain] INFO  o.q.c.SchedulerSignalerImpl - [<init>,62] - Initialized Scheduler Signaller of type: class org.quartz.core.SchedulerSignalerImpl
17:42:09.510 [restartedMain] INFO  o.q.c.QuartzScheduler - [<init>,224] - Quartz Scheduler v2.5.2 created.
17:42:09.510 [restartedMain] INFO  o.q.s.RAMJobStore - [initialize,152] - RAMJobStore initialized.
17:42:09.510 [restartedMain] INFO  o.q.c.QuartzScheduler - [initialize,289] - Scheduler meta-data: Quartz Scheduler (v2.5.2) 'quartzScheduler' with instanceId 'NON_CLUSTERED'
  Scheduler class: 'org.quartz.core.QuartzScheduler' - running locally.
  NOT STARTED.
  Currently in standby mode.
  Number of jobs executed: 0
  Using thread pool 'org.quartz.simpl.SimpleThreadPool' - with 10 threads.
  Using job-store 'org.quartz.simpl.RAMJobStore' - which does not support persistence. and is not clustered.

17:42:09.510 [restartedMain] INFO  o.q.c.QuartzScheduler - [setJobFactory,2250] - JobFactory set to: org.springframework.scheduling.quartz.SpringBeanJobFactory@6777fc6a
17:42:09.902 [restartedMain] INFO  o.a.c.h.Http11NioProtocol - [log,168] - Starting ProtocolHandler ["http-nio-8080"]
17:42:09.910 [restartedMain] INFO  o.q.c.QuartzScheduler - [start,541] - Scheduler quartzScheduler_$_NON_CLUSTERED started.
17:42:09.912 [restartedMain] INFO  c.r.RuoYiApplication - [logStarted,60] - Started RuoYiApplication in 3.357 seconds (process running for 117238.657)
17:43:51.080 [Thread-17] INFO  o.q.c.QuartzScheduler - [standby,576] - Scheduler quartzScheduler_$_NON_CLUSTERED paused.
17:43:51.081 [tomcat-shutdown] INFO  o.a.c.h.Http11NioProtocol - [log,168] - Pausing ProtocolHandler ["http-nio-8080"]
17:43:51.086 [Thread-17] INFO  o.a.c.h.Http11NioProtocol - [log,168] - Stopping ProtocolHandler ["http-nio-8080"]
17:43:51.092 [Thread-17] INFO  o.q.c.QuartzScheduler - [shutdown,656] - Scheduler quartzScheduler_$_NON_CLUSTERED shutting down.
17:43:51.093 [Thread-17] INFO  o.q.c.QuartzScheduler - [standby,576] - Scheduler quartzScheduler_$_NON_CLUSTERED paused.
17:43:51.094 [Thread-17] INFO  o.q.c.QuartzScheduler - [shutdown,728] - Scheduler quartzScheduler_$_NON_CLUSTERED shutdown complete.
17:43:51.094 [Thread-17] INFO  sys-user - [shutdownAsyncManager,31] - ====关闭后台任务任务线程池====
17:43:51.096 [Thread-17] INFO  c.a.d.p.DruidDataSource - [close,2083] - {dataSource-5} closing ...
17:43:51.098 [Thread-17] INFO  c.a.d.p.DruidDataSource - [close,2156] - {dataSource-5} closed
17:43:51.311 [restartedMain] INFO  c.r.RuoYiApplication - [logStarting,54] - Starting RuoYiApplication using Java 24.0.1 with PID 21548 (D:\GitHub\huashe_project\RuoYi-Vue-master\ruoyi-admin\target\classes started by 28030 in D:\GitHub\huashe_project)
17:43:51.312 [restartedMain] INFO  c.r.RuoYiApplication - [logStartupProfileInfo,658] - The following 1 profile is active: "druid"
17:43:51.896 [restartedMain] INFO  o.a.c.h.Http11NioProtocol - [log,168] - Initializing ProtocolHandler ["http-nio-8080"]
17:43:51.897 [restartedMain] INFO  o.a.c.c.StandardService - [log,168] - Starting service [Tomcat]
17:43:51.897 [restartedMain] INFO  o.a.c.c.StandardEngine - [log,168] - Starting Servlet engine: [Apache Tomcat/11.0.21]
17:43:52.112 [restartedMain] INFO  c.a.d.p.DruidDataSource - [init,865] - {dataSource-6} inited
17:43:53.019 [restartedMain] INFO  o.q.c.SchedulerSignalerImpl - [<init>,62] - Initialized Scheduler Signaller of type: class org.quartz.core.SchedulerSignalerImpl
17:43:53.019 [restartedMain] INFO  o.q.c.QuartzScheduler - [<init>,224] - Quartz Scheduler v2.5.2 created.
17:43:53.021 [restartedMain] INFO  o.q.s.RAMJobStore - [initialize,152] - RAMJobStore initialized.
17:43:53.021 [restartedMain] INFO  o.q.c.QuartzScheduler - [initialize,289] - Scheduler meta-data: Quartz Scheduler (v2.5.2) 'quartzScheduler' with instanceId 'NON_CLUSTERED'
  Scheduler class: 'org.quartz.core.QuartzScheduler' - running locally.
  NOT STARTED.
  Currently in standby mode.
  Number of jobs executed: 0
  Using thread pool 'org.quartz.simpl.SimpleThreadPool' - with 10 threads.
  Using job-store 'org.quartz.simpl.RAMJobStore' - which does not support persistence. and is not clustered.

17:43:53.021 [restartedMain] INFO  o.q.c.QuartzScheduler - [setJobFactory,2250] - JobFactory set to: org.springframework.scheduling.quartz.SpringBeanJobFactory@166802fd
17:43:53.354 [restartedMain] INFO  o.a.c.h.Http11NioProtocol - [log,168] - Starting ProtocolHandler ["http-nio-8080"]
17:43:53.360 [restartedMain] INFO  o.q.c.QuartzScheduler - [start,541] - Scheduler quartzScheduler_$_NON_CLUSTERED started.
17:43:53.362 [restartedMain] INFO  c.r.RuoYiApplication - [logStarted,60] - Started RuoYiApplication in 2.086 seconds (process running for 117342.107)
17:44:24.542 [Thread-21] INFO  o.q.c.QuartzScheduler - [standby,576] - Scheduler quartzScheduler_$_NON_CLUSTERED paused.
17:44:24.543 [tomcat-shutdown] INFO  o.a.c.h.Http11NioProtocol - [log,168] - Pausing ProtocolHandler ["http-nio-8080"]
17:44:24.548 [Thread-21] INFO  o.a.c.h.Http11NioProtocol - [log,168] - Stopping ProtocolHandler ["http-nio-8080"]
17:44:24.552 [Thread-21] INFO  o.q.c.QuartzScheduler - [shutdown,656] - Scheduler quartzScheduler_$_NON_CLUSTERED shutting down.
17:44:24.552 [Thread-21] INFO  o.q.c.QuartzScheduler - [standby,576] - Scheduler quartzScheduler_$_NON_CLUSTERED paused.
17:44:24.553 [Thread-21] INFO  o.q.c.QuartzScheduler - [shutdown,728] - Scheduler quartzScheduler_$_NON_CLUSTERED shutdown complete.
17:44:24.553 [Thread-21] INFO  sys-user - [shutdownAsyncManager,31] - ====关闭后台任务任务线程池====
17:44:24.556 [Thread-21] INFO  c.a.d.p.DruidDataSource - [close,2083] - {dataSource-6} closing ...
17:44:24.557 [Thread-21] INFO  c.a.d.p.DruidDataSource - [close,2156] - {dataSource-6} closed
17:44:24.784 [restartedMain] INFO  c.r.RuoYiApplication - [logStarting,54] - Starting RuoYiApplication using Java 24.0.1 with PID 21548 (D:\GitHub\huashe_project\RuoYi-Vue-master\ruoyi-admin\target\classes started by 28030 in D:\GitHub\huashe_project)
17:44:24.784 [restartedMain] INFO  c.r.RuoYiApplication - [logStartupProfileInfo,658] - The following 1 profile is active: "druid"
17:44:25.333 [restartedMain] INFO  o.a.c.h.Http11NioProtocol - [log,168] - Initializing ProtocolHandler ["http-nio-8080"]
17:44:25.333 [restartedMain] INFO  o.a.c.c.StandardService - [log,168] - Starting service [Tomcat]
17:44:25.334 [restartedMain] INFO  o.a.c.c.StandardEngine - [log,168] - Starting Servlet engine: [Apache Tomcat/11.0.21]
17:44:25.599 [restartedMain] INFO  c.a.d.p.DruidDataSource - [init,865] - {dataSource-7} inited
17:44:26.422 [restartedMain] INFO  o.q.c.SchedulerSignalerImpl - [<init>,62] - Initialized Scheduler Signaller of type: class org.quartz.core.SchedulerSignalerImpl
17:44:26.422 [restartedMain] INFO  o.q.c.QuartzScheduler - [<init>,224] - Quartz Scheduler v2.5.2 created.
17:44:26.424 [restartedMain] INFO  o.q.s.RAMJobStore - [initialize,152] - RAMJobStore initialized.
17:44:26.424 [restartedMain] INFO  o.q.c.QuartzScheduler - [initialize,289] - Scheduler meta-data: Quartz Scheduler (v2.5.2) 'quartzScheduler' with instanceId 'NON_CLUSTERED'
  Scheduler class: 'org.quartz.core.QuartzScheduler' - running locally.
  NOT STARTED.
  Currently in standby mode.
  Number of jobs executed: 0
  Using thread pool 'org.quartz.simpl.SimpleThreadPool' - with 10 threads.
  Using job-store 'org.quartz.simpl.RAMJobStore' - which does not support persistence. and is not clustered.

17:44:26.424 [restartedMain] INFO  o.q.c.QuartzScheduler - [setJobFactory,2250] - JobFactory set to: org.springframework.scheduling.quartz.SpringBeanJobFactory@6e19b5
17:44:26.766 [restartedMain] INFO  o.a.c.h.Http11NioProtocol - [log,168] - Starting ProtocolHandler ["http-nio-8080"]
17:44:26.773 [restartedMain] INFO  o.q.c.QuartzScheduler - [start,541] - Scheduler quartzScheduler_$_NON_CLUSTERED started.
17:44:26.774 [restartedMain] INFO  c.r.RuoYiApplication - [logStarted,60] - Started RuoYiApplication in 2.014 seconds (process running for 117375.52)
17:44:51.575 [Thread-25] INFO  o.q.c.QuartzScheduler - [standby,576] - Scheduler quartzScheduler_$_NON_CLUSTERED paused.
17:44:51.576 [tomcat-shutdown] INFO  o.a.c.h.Http11NioProtocol - [log,168] - Pausing ProtocolHandler ["http-nio-8080"]
17:44:51.582 [Thread-25] INFO  o.a.c.h.Http11NioProtocol - [log,168] - Stopping ProtocolHandler ["http-nio-8080"]
17:44:51.587 [Thread-25] INFO  o.q.c.QuartzScheduler - [shutdown,656] - Scheduler quartzScheduler_$_NON_CLUSTERED shutting down.
17:44:51.588 [Thread-25] INFO  o.q.c.QuartzScheduler - [standby,576] - Scheduler quartzScheduler_$_NON_CLUSTERED paused.
17:44:51.588 [Thread-25] INFO  o.q.c.QuartzScheduler - [shutdown,728] - Scheduler quartzScheduler_$_NON_CLUSTERED shutdown complete.
17:44:51.589 [Thread-25] INFO  sys-user - [shutdownAsyncManager,31] - ====关闭后台任务任务线程池====
17:44:51.591 [Thread-25] INFO  c.a.d.p.DruidDataSource - [close,2083] - {dataSource-7} closing ...
17:44:51.593 [Thread-25] INFO  c.a.d.p.DruidDataSource - [close,2156] - {dataSource-7} closed
17:44:51.810 [restartedMain] INFO  c.r.RuoYiApplication - [logStarting,54] - Starting RuoYiApplication using Java 24.0.1 with PID 21548 (D:\GitHub\huashe_project\RuoYi-Vue-master\ruoyi-admin\target\classes started by 28030 in D:\GitHub\huashe_project)
17:44:51.810 [restartedMain] INFO  c.r.RuoYiApplication - [logStartupProfileInfo,658] - The following 1 profile is active: "druid"
17:44:52.404 [restartedMain] INFO  o.a.c.h.Http11NioProtocol - [log,168] - Initializing ProtocolHandler ["http-nio-8080"]
17:44:52.405 [restartedMain] INFO  o.a.c.c.StandardService - [log,168] - Starting service [Tomcat]
17:44:52.405 [restartedMain] INFO  o.a.c.c.StandardEngine - [log,168] - Starting Servlet engine: [Apache Tomcat/11.0.21]
17:44:52.634 [restartedMain] INFO  c.a.d.p.DruidDataSource - [init,865] - {dataSource-8} inited
17:44:53.622 [restartedMain] INFO  o.q.c.SchedulerSignalerImpl - [<init>,62] - Initialized Scheduler Signaller of type: class org.quartz.core.SchedulerSignalerImpl
17:44:53.623 [restartedMain] INFO  o.q.c.QuartzScheduler - [<init>,224] - Quartz Scheduler v2.5.2 created.
17:44:53.623 [restartedMain] INFO  o.q.s.RAMJobStore - [initialize,152] - RAMJobStore initialized.
17:44:53.623 [restartedMain] INFO  o.q.c.QuartzScheduler - [initialize,289] - Scheduler meta-data: Quartz Scheduler (v2.5.2) 'quartzScheduler' with instanceId 'NON_CLUSTERED'
  Scheduler class: 'org.quartz.core.QuartzScheduler' - running locally.
  NOT STARTED.
  Currently in standby mode.
  Number of jobs executed: 0
  Using thread pool 'org.quartz.simpl.SimpleThreadPool' - with 10 threads.
  Using job-store 'org.quartz.simpl.RAMJobStore' - which does not support persistence. and is not clustered.

17:44:53.623 [restartedMain] INFO  o.q.c.QuartzScheduler - [setJobFactory,2250] - JobFactory set to: org.springframework.scheduling.quartz.SpringBeanJobFactory@5db5db55
17:44:53.914 [restartedMain] INFO  o.a.c.h.Http11NioProtocol - [log,168] - Starting ProtocolHandler ["http-nio-8080"]
17:44:53.921 [restartedMain] INFO  o.q.c.QuartzScheduler - [start,541] - Scheduler quartzScheduler_$_NON_CLUSTERED started.
17:44:53.922 [restartedMain] INFO  c.r.RuoYiApplication - [logStarted,60] - Started RuoYiApplication in 2.147 seconds (process running for 117402.667)
17:45:19.761 [Thread-29] INFO  o.q.c.QuartzScheduler - [standby,576] - Scheduler quartzScheduler_$_NON_CLUSTERED paused.
17:45:19.762 [tomcat-shutdown] INFO  o.a.c.h.Http11NioProtocol - [log,168] - Pausing ProtocolHandler ["http-nio-8080"]
17:45:19.766 [Thread-29] INFO  o.a.c.h.Http11NioProtocol - [log,168] - Stopping ProtocolHandler ["http-nio-8080"]
17:45:19.771 [Thread-29] INFO  o.q.c.QuartzScheduler - [shutdown,656] - Scheduler quartzScheduler_$_NON_CLUSTERED shutting down.
17:45:19.771 [Thread-29] INFO  o.q.c.QuartzScheduler - [standby,576] - Scheduler quartzScheduler_$_NON_CLUSTERED paused.
17:45:19.772 [Thread-29] INFO  o.q.c.QuartzScheduler - [shutdown,728] - Scheduler quartzScheduler_$_NON_CLUSTERED shutdown complete.
17:45:19.772 [Thread-29] INFO  sys-user - [shutdownAsyncManager,31] - ====关闭后台任务任务线程池====
17:45:19.774 [Thread-29] INFO  c.a.d.p.DruidDataSource - [close,2083] - {dataSource-8} closing ...
17:45:19.775 [Thread-29] INFO  c.a.d.p.DruidDataSource - [close,2156] - {dataSource-8} closed
17:45:19.994 [restartedMain] INFO  c.r.RuoYiApplication - [logStarting,54] - Starting RuoYiApplication using Java 24.0.1 with PID 21548 (D:\GitHub\huashe_project\RuoYi-Vue-master\ruoyi-admin\target\classes started by 28030 in D:\GitHub\huashe_project)
17:45:19.995 [restartedMain] INFO  c.r.RuoYiApplication - [logStartupProfileInfo,658] - The following 1 profile is active: "druid"
17:45:20.589 [restartedMain] INFO  o.a.c.h.Http11NioProtocol - [log,168] - Initializing ProtocolHandler ["http-nio-8080"]
17:45:20.589 [restartedMain] INFO  o.a.c.c.StandardService - [log,168] - Starting service [Tomcat]
17:45:20.589 [restartedMain] INFO  o.a.c.c.StandardEngine - [log,168] - Starting Servlet engine: [Apache Tomcat/11.0.21]
17:45:20.828 [restartedMain] INFO  c.a.d.p.DruidDataSource - [init,865] - {dataSource-9} inited
17:45:21.723 [restartedMain] INFO  o.q.c.SchedulerSignalerImpl - [<init>,62] - Initialized Scheduler Signaller of type: class org.quartz.core.SchedulerSignalerImpl
17:45:21.723 [restartedMain] INFO  o.q.c.QuartzScheduler - [<init>,224] - Quartz Scheduler v2.5.2 created.
17:45:21.723 [restartedMain] INFO  o.q.s.RAMJobStore - [initialize,152] - RAMJobStore initialized.
17:45:21.724 [restartedMain] INFO  o.q.c.QuartzScheduler - [initialize,289] - Scheduler meta-data: Quartz Scheduler (v2.5.2) 'quartzScheduler' with instanceId 'NON_CLUSTERED'
  Scheduler class: 'org.quartz.core.QuartzScheduler' - running locally.
  NOT STARTED.
  Currently in standby mode.
  Number of jobs executed: 0
  Using thread pool 'org.quartz.simpl.SimpleThreadPool' - with 10 threads.
  Using job-store 'org.quartz.simpl.RAMJobStore' - which does not support persistence. and is not clustered.

17:45:21.724 [restartedMain] INFO  o.q.c.QuartzScheduler - [setJobFactory,2250] - JobFactory set to: org.springframework.scheduling.quartz.SpringBeanJobFactory@57f14056
17:45:22.035 [restartedMain] INFO  o.a.c.h.Http11NioProtocol - [log,168] - Starting ProtocolHandler ["http-nio-8080"]
17:45:22.043 [restartedMain] INFO  o.q.c.QuartzScheduler - [start,541] - Scheduler quartzScheduler_$_NON_CLUSTERED started.
17:45:22.044 [restartedMain] INFO  c.r.RuoYiApplication - [logStarted,60] - Started RuoYiApplication in 2.08 seconds (process running for 117430.789)
17:45:44.679 [Thread-33] INFO  o.q.c.QuartzScheduler - [standby,576] - Scheduler quartzScheduler_$_NON_CLUSTERED paused.
17:45:44.680 [tomcat-shutdown] INFO  o.a.c.h.Http11NioProtocol - [log,168] - Pausing ProtocolHandler ["http-nio-8080"]
17:45:44.684 [Thread-33] INFO  o.a.c.h.Http11NioProtocol - [log,168] - Stopping ProtocolHandler ["http-nio-8080"]
17:45:44.690 [Thread-33] INFO  o.q.c.QuartzScheduler - [shutdown,656] - Scheduler quartzScheduler_$_NON_CLUSTERED shutting down.
17:45:44.690 [Thread-33] INFO  o.q.c.QuartzScheduler - [standby,576] - Scheduler quartzScheduler_$_NON_CLUSTERED paused.
17:45:44.690 [Thread-33] INFO  o.q.c.QuartzScheduler - [shutdown,728] - Scheduler quartzScheduler_$_NON_CLUSTERED shutdown complete.
17:45:44.690 [Thread-33] INFO  sys-user - [shutdownAsyncManager,31] - ====关闭后台任务任务线程池====
17:45:44.691 [Thread-33] INFO  c.a.d.p.DruidDataSource - [close,2083] - {dataSource-9} closing ...
17:45:44.694 [Thread-33] INFO  c.a.d.p.DruidDataSource - [close,2156] - {dataSource-9} closed
17:45:44.898 [restartedMain] INFO  c.r.RuoYiApplication - [logStarting,54] - Starting RuoYiApplication using Java 24.0.1 with PID 21548 (D:\GitHub\huashe_project\RuoYi-Vue-master\ruoyi-admin\target\classes started by 28030 in D:\GitHub\huashe_project)
17:45:44.899 [restartedMain] INFO  c.r.RuoYiApplication - [logStartupProfileInfo,658] - The following 1 profile is active: "druid"
17:45:45.435 [restartedMain] INFO  o.a.c.h.Http11NioProtocol - [log,168] - Initializing ProtocolHandler ["http-nio-8080"]
17:45:45.435 [restartedMain] INFO  o.a.c.c.StandardService - [log,168] - Starting service [Tomcat]
17:45:45.435 [restartedMain] INFO  o.a.c.c.StandardEngine - [log,168] - Starting Servlet engine: [Apache Tomcat/11.0.21]
17:45:45.689 [restartedMain] INFO  c.a.d.p.DruidDataSource - [init,865] - {dataSource-10} inited
17:45:46.625 [restartedMain] INFO  o.q.c.SchedulerSignalerImpl - [<init>,62] - Initialized Scheduler Signaller of type: class org.quartz.core.SchedulerSignalerImpl
17:45:46.625 [restartedMain] INFO  o.q.c.QuartzScheduler - [<init>,224] - Quartz Scheduler v2.5.2 created.
17:45:46.625 [restartedMain] INFO  o.q.s.RAMJobStore - [initialize,152] - RAMJobStore initialized.
17:45:46.625 [restartedMain] INFO  o.q.c.QuartzScheduler - [initialize,289] - Scheduler meta-data: Quartz Scheduler (v2.5.2) 'quartzScheduler' with instanceId 'NON_CLUSTERED'
  Scheduler class: 'org.quartz.core.QuartzScheduler' - running locally.
  NOT STARTED.
  Currently in standby mode.
  Number of jobs executed: 0
  Using thread pool 'org.quartz.simpl.SimpleThreadPool' - with 10 threads.
  Using job-store 'org.quartz.simpl.RAMJobStore' - which does not support persistence. and is not clustered.

17:45:46.626 [restartedMain] INFO  o.q.c.QuartzScheduler - [setJobFactory,2250] - JobFactory set to: org.springframework.scheduling.quartz.SpringBeanJobFactory@168ba95e
17:45:46.950 [restartedMain] INFO  o.a.c.h.Http11NioProtocol - [log,168] - Starting ProtocolHandler ["http-nio-8080"]
17:45:46.957 [restartedMain] INFO  o.q.c.QuartzScheduler - [start,541] - Scheduler quartzScheduler_$_NON_CLUSTERED started.
17:45:46.958 [restartedMain] INFO  c.r.RuoYiApplication - [logStarted,60] - Started RuoYiApplication in 2.088 seconds (process running for 117455.704)
17:46:31.974 [Thread-37] INFO  o.q.c.QuartzScheduler - [standby,576] - Scheduler quartzScheduler_$_NON_CLUSTERED paused.
17:46:31.975 [tomcat-shutdown] INFO  o.a.c.h.Http11NioProtocol - [log,168] - Pausing ProtocolHandler ["http-nio-8080"]
17:46:31.981 [Thread-37] INFO  o.a.c.h.Http11NioProtocol - [log,168] - Stopping ProtocolHandler ["http-nio-8080"]
17:46:31.988 [Thread-37] INFO  o.q.c.QuartzScheduler - [shutdown,656] - Scheduler quartzScheduler_$_NON_CLUSTERED shutting down.
17:46:31.988 [Thread-37] INFO  o.q.c.QuartzScheduler - [standby,576] - Scheduler quartzScheduler_$_NON_CLUSTERED paused.
17:46:31.988 [Thread-37] INFO  o.q.c.QuartzScheduler - [shutdown,728] - Scheduler quartzScheduler_$_NON_CLUSTERED shutdown complete.
17:46:31.988 [Thread-37] INFO  sys-user - [shutdownAsyncManager,31] - ====关闭后台任务任务线程池====
17:46:31.990 [Thread-37] INFO  c.a.d.p.DruidDataSource - [close,2083] - {dataSource-10} closing ...
17:46:31.992 [Thread-37] INFO  c.a.d.p.DruidDataSource - [close,2156] - {dataSource-10} closed
17:46:32.212 [restartedMain] INFO  c.r.RuoYiApplication - [logStarting,54] - Starting RuoYiApplication using Java 24.0.1 with PID 21548 (D:\GitHub\huashe_project\RuoYi-Vue-master\ruoyi-admin\target\classes started by 28030 in D:\GitHub\huashe_project)
17:46:32.213 [restartedMain] INFO  c.r.RuoYiApplication - [logStartupProfileInfo,658] - The following 1 profile is active: "druid"
17:46:32.724 [restartedMain] INFO  o.a.c.h.Http11NioProtocol - [log,168] - Initializing ProtocolHandler ["http-nio-8080"]
17:46:32.724 [restartedMain] INFO  o.a.c.c.StandardService - [log,168] - Starting service [Tomcat]
17:46:32.724 [restartedMain] INFO  o.a.c.c.StandardEngine - [log,168] - Starting Servlet engine: [Apache Tomcat/11.0.21]
17:46:32.922 [restartedMain] INFO  c.a.d.p.DruidDataSource - [init,865] - {dataSource-11} inited
17:46:33.714 [restartedMain] INFO  o.q.c.SchedulerSignalerImpl - [<init>,62] - Initialized Scheduler Signaller of type: class org.quartz.core.SchedulerSignalerImpl
17:46:33.714 [restartedMain] INFO  o.q.c.QuartzScheduler - [<init>,224] - Quartz Scheduler v2.5.2 created.
17:46:33.714 [restartedMain] INFO  o.q.s.RAMJobStore - [initialize,152] - RAMJobStore initialized.
17:46:33.714 [restartedMain] INFO  o.q.c.QuartzScheduler - [initialize,289] - Scheduler meta-data: Quartz Scheduler (v2.5.2) 'quartzScheduler' with instanceId 'NON_CLUSTERED'
  Scheduler class: 'org.quartz.core.QuartzScheduler' - running locally.
  NOT STARTED.
  Currently in standby mode.
  Number of jobs executed: 0
  Using thread pool 'org.quartz.simpl.SimpleThreadPool' - with 10 threads.
  Using job-store 'org.quartz.simpl.RAMJobStore' - which does not support persistence. and is not clustered.

17:46:33.715 [restartedMain] INFO  o.q.c.QuartzScheduler - [setJobFactory,2250] - JobFactory set to: org.springframework.scheduling.quartz.SpringBeanJobFactory@5a62790f
17:46:34.055 [restartedMain] INFO  o.a.c.h.Http11NioProtocol - [log,168] - Starting ProtocolHandler ["http-nio-8080"]
17:46:34.085 [restartedMain] INFO  o.q.c.QuartzScheduler - [start,541] - Scheduler quartzScheduler_$_NON_CLUSTERED started.
17:46:34.085 [restartedMain] INFO  c.r.RuoYiApplication - [logStarted,60] - Started RuoYiApplication in 1.898 seconds (process running for 117502.832)
17:47:58.501 [Thread-41] INFO  o.q.c.QuartzScheduler - [standby,576] - Scheduler quartzScheduler_$_NON_CLUSTERED paused.
17:47:58.502 [tomcat-shutdown] INFO  o.a.c.h.Http11NioProtocol - [log,168] - Pausing ProtocolHandler ["http-nio-8080"]
17:47:58.506 [Thread-41] INFO  o.a.c.h.Http11NioProtocol - [log,168] - Stopping ProtocolHandler ["http-nio-8080"]
17:47:58.511 [Thread-41] INFO  o.q.c.QuartzScheduler - [shutdown,656] - Scheduler quartzScheduler_$_NON_CLUSTERED shutting down.
17:47:58.512 [Thread-41] INFO  o.q.c.QuartzScheduler - [standby,576] - Scheduler quartzScheduler_$_NON_CLUSTERED paused.
17:47:58.512 [Thread-41] INFO  o.q.c.QuartzScheduler - [shutdown,728] - Scheduler quartzScheduler_$_NON_CLUSTERED shutdown complete.
17:47:58.512 [Thread-41] INFO  sys-user - [shutdownAsyncManager,31] - ====关闭后台任务任务线程池====
17:47:58.515 [Thread-41] INFO  c.a.d.p.DruidDataSource - [close,2083] - {dataSource-11} closing ...
17:47:58.516 [Thread-41] INFO  c.a.d.p.DruidDataSource - [close,2156] - {dataSource-11} closed
17:47:58.742 [restartedMain] INFO  c.r.RuoYiApplication - [logStarting,54] - Starting RuoYiApplication using Java 24.0.1 with PID 21548 (D:\GitHub\huashe_project\RuoYi-Vue-master\ruoyi-admin\target\classes started by 28030 in D:\GitHub\huashe_project)
17:47:58.742 [restartedMain] INFO  c.r.RuoYiApplication - [logStartupProfileInfo,658] - The following 1 profile is active: "druid"
17:47:59.342 [restartedMain] INFO  o.a.c.h.Http11NioProtocol - [log,168] - Initializing ProtocolHandler ["http-nio-8080"]
17:47:59.342 [restartedMain] INFO  o.a.c.c.StandardService - [log,168] - Starting service [Tomcat]
17:47:59.343 [restartedMain] INFO  o.a.c.c.StandardEngine - [log,168] - Starting Servlet engine: [Apache Tomcat/11.0.21]
17:47:59.603 [restartedMain] INFO  c.a.d.p.DruidDataSource - [init,865] - {dataSource-12} inited
17:48:00.529 [restartedMain] INFO  o.q.c.SchedulerSignalerImpl - [<init>,62] - Initialized Scheduler Signaller of type: class org.quartz.core.SchedulerSignalerImpl
17:48:00.530 [restartedMain] INFO  o.q.c.QuartzScheduler - [<init>,224] - Quartz Scheduler v2.5.2 created.
17:48:00.530 [restartedMain] INFO  o.q.s.RAMJobStore - [initialize,152] - RAMJobStore initialized.
17:48:00.530 [restartedMain] INFO  o.q.c.QuartzScheduler - [initialize,289] - Scheduler meta-data: Quartz Scheduler (v2.5.2) 'quartzScheduler' with instanceId 'NON_CLUSTERED'
  Scheduler class: 'org.quartz.core.QuartzScheduler' - running locally.
  NOT STARTED.
  Currently in standby mode.
  Number of jobs executed: 0
  Using thread pool 'org.quartz.simpl.SimpleThreadPool' - with 10 threads.
  Using job-store 'org.quartz.simpl.RAMJobStore' - which does not support persistence. and is not clustered.

17:48:00.530 [restartedMain] INFO  o.q.c.QuartzScheduler - [setJobFactory,2250] - JobFactory set to: org.springframework.scheduling.quartz.SpringBeanJobFactory@3e4afed0
17:48:00.900 [restartedMain] INFO  o.a.c.h.Http11NioProtocol - [log,168] - Starting ProtocolHandler ["http-nio-8080"]
17:48:00.915 [restartedMain] INFO  o.q.c.QuartzScheduler - [start,541] - Scheduler quartzScheduler_$_NON_CLUSTERED started.
17:48:00.916 [restartedMain] INFO  c.r.RuoYiApplication - [logStarted,60] - Started RuoYiApplication in 2.208 seconds (process running for 117589.661)
17:53:12.521 [Thread-45] INFO  o.q.c.QuartzScheduler - [standby,576] - Scheduler quartzScheduler_$_NON_CLUSTERED paused.
17:53:12.522 [tomcat-shutdown] INFO  o.a.c.h.Http11NioProtocol - [log,168] - Pausing ProtocolHandler ["http-nio-8080"]
17:53:12.526 [Thread-45] INFO  o.a.c.h.Http11NioProtocol - [log,168] - Stopping ProtocolHandler ["http-nio-8080"]
17:53:12.531 [Thread-45] INFO  o.q.c.QuartzScheduler - [shutdown,656] - Scheduler quartzScheduler_$_NON_CLUSTERED shutting down.
17:53:12.531 [Thread-45] INFO  o.q.c.QuartzScheduler - [standby,576] - Scheduler quartzScheduler_$_NON_CLUSTERED paused.
17:53:12.531 [Thread-45] INFO  o.q.c.QuartzScheduler - [shutdown,728] - Scheduler quartzScheduler_$_NON_CLUSTERED shutdown complete.
17:53:12.532 [Thread-45] INFO  sys-user - [shutdownAsyncManager,31] - ====关闭后台任务任务线程池====
17:53:12.534 [Thread-45] INFO  c.a.d.p.DruidDataSource - [close,2083] - {dataSource-12} closing ...
17:53:12.535 [Thread-45] INFO  c.a.d.p.DruidDataSource - [close,2156] - {dataSource-12} closed
17:53:12.750 [restartedMain] INFO  c.r.RuoYiApplication - [logStarting,54] - Starting RuoYiApplication using Java 24.0.1 with PID 21548 (D:\GitHub\huashe_project\RuoYi-Vue-master\ruoyi-admin\target\classes started by 28030 in D:\GitHub\huashe_project)
17:53:12.750 [restartedMain] INFO  c.r.RuoYiApplication - [logStartupProfileInfo,658] - The following 1 profile is active: "druid"
17:53:13.309 [restartedMain] INFO  o.a.c.h.Http11NioProtocol - [log,168] - Initializing ProtocolHandler ["http-nio-8080"]
17:53:13.309 [restartedMain] INFO  o.a.c.c.StandardService - [log,168] - Starting service [Tomcat]
17:53:13.309 [restartedMain] INFO  o.a.c.c.StandardEngine - [log,168] - Starting Servlet engine: [Apache Tomcat/11.0.21]
17:53:13.567 [restartedMain] INFO  c.a.d.p.DruidDataSource - [init,865] - {dataSource-13} inited
17:53:14.407 [restartedMain] INFO  o.q.c.SchedulerSignalerImpl - [<init>,62] - Initialized Scheduler Signaller of type: class org.quartz.core.SchedulerSignalerImpl
17:53:14.407 [restartedMain] INFO  o.q.c.QuartzScheduler - [<init>,224] - Quartz Scheduler v2.5.2 created.
17:53:14.407 [restartedMain] INFO  o.q.s.RAMJobStore - [initialize,152] - RAMJobStore initialized.
17:53:14.408 [restartedMain] INFO  o.q.c.QuartzScheduler - [initialize,289] - Scheduler meta-data: Quartz Scheduler (v2.5.2) 'quartzScheduler' with instanceId 'NON_CLUSTERED'
  Scheduler class: 'org.quartz.core.QuartzScheduler' - running locally.
  NOT STARTED.
  Currently in standby mode.
  Number of jobs executed: 0
  Using thread pool 'org.quartz.simpl.SimpleThreadPool' - with 10 threads.
  Using job-store 'org.quartz.simpl.RAMJobStore' - which does not support persistence. and is not clustered.

17:53:14.408 [restartedMain] INFO  o.q.c.QuartzScheduler - [setJobFactory,2250] - JobFactory set to: org.springframework.scheduling.quartz.SpringBeanJobFactory@6536a4ba
17:53:14.741 [restartedMain] INFO  o.a.c.h.Http11NioProtocol - [log,168] - Starting ProtocolHandler ["http-nio-8080"]
17:53:14.747 [restartedMain] INFO  o.q.c.QuartzScheduler - [start,541] - Scheduler quartzScheduler_$_NON_CLUSTERED started.
17:53:14.750 [restartedMain] INFO  c.r.RuoYiApplication - [logStarted,60] - Started RuoYiApplication in 2.024 seconds (process running for 117903.495)
17:53:26.944 [Thread-49] INFO  o.q.c.QuartzScheduler - [standby,576] - Scheduler quartzScheduler_$_NON_CLUSTERED paused.
17:53:26.945 [tomcat-shutdown] INFO  o.a.c.h.Http11NioProtocol - [log,168] - Pausing ProtocolHandler ["http-nio-8080"]
17:53:26.950 [Thread-49] INFO  o.a.c.h.Http11NioProtocol - [log,168] - Stopping ProtocolHandler ["http-nio-8080"]
17:53:26.954 [Thread-49] INFO  o.q.c.QuartzScheduler - [shutdown,656] - Scheduler quartzScheduler_$_NON_CLUSTERED shutting down.
17:53:26.954 [Thread-49] INFO  o.q.c.QuartzScheduler - [standby,576] - Scheduler quartzScheduler_$_NON_CLUSTERED paused.
17:53:26.954 [Thread-49] INFO  o.q.c.QuartzScheduler - [shutdown,728] - Scheduler quartzScheduler_$_NON_CLUSTERED shutdown complete.
17:53:26.955 [Thread-49] INFO  sys-user - [shutdownAsyncManager,31] - ====关闭后台任务任务线程池====
17:53:26.957 [Thread-49] INFO  c.a.d.p.DruidDataSource - [close,2083] - {dataSource-13} closing ...
17:53:26.959 [Thread-49] INFO  c.a.d.p.DruidDataSource - [close,2156] - {dataSource-13} closed
17:53:27.153 [restartedMain] INFO  c.r.RuoYiApplication - [logStarting,54] - Starting RuoYiApplication using Java 24.0.1 with PID 21548 (D:\GitHub\huashe_project\RuoYi-Vue-master\ruoyi-admin\target\classes started by 28030 in D:\GitHub\huashe_project)
17:53:27.154 [restartedMain] INFO  c.r.RuoYiApplication - [logStartupProfileInfo,658] - The following 1 profile is active: "druid"
17:53:27.709 [restartedMain] INFO  o.a.c.h.Http11NioProtocol - [log,168] - Initializing ProtocolHandler ["http-nio-8080"]
17:53:27.710 [restartedMain] INFO  o.a.c.c.StandardService - [log,168] - Starting service [Tomcat]
17:53:27.710 [restartedMain] INFO  o.a.c.c.StandardEngine - [log,168] - Starting Servlet engine: [Apache Tomcat/11.0.21]
17:53:27.920 [restartedMain] INFO  c.a.d.p.DruidDataSource - [init,865] - {dataSource-14} inited
17:53:28.710 [restartedMain] INFO  o.q.c.SchedulerSignalerImpl - [<init>,62] - Initialized Scheduler Signaller of type: class org.quartz.core.SchedulerSignalerImpl
17:53:28.710 [restartedMain] INFO  o.q.c.QuartzScheduler - [<init>,224] - Quartz Scheduler v2.5.2 created.
17:53:28.712 [restartedMain] INFO  o.q.s.RAMJobStore - [initialize,152] - RAMJobStore initialized.
17:53:28.712 [restartedMain] INFO  o.q.c.QuartzScheduler - [initialize,289] - Scheduler meta-data: Quartz Scheduler (v2.5.2) 'quartzScheduler' with instanceId 'NON_CLUSTERED'
  Scheduler class: 'org.quartz.core.QuartzScheduler' - running locally.
  NOT STARTED.
  Currently in standby mode.
  Number of jobs executed: 0
  Using thread pool 'org.quartz.simpl.SimpleThreadPool' - with 10 threads.
  Using job-store 'org.quartz.simpl.RAMJobStore' - which does not support persistence. and is not clustered.

17:53:28.712 [restartedMain] INFO  o.q.c.QuartzScheduler - [setJobFactory,2250] - JobFactory set to: org.springframework.scheduling.quartz.SpringBeanJobFactory@5e02c9db
17:53:29.030 [restartedMain] INFO  o.a.c.h.Http11NioProtocol - [log,168] - Starting ProtocolHandler ["http-nio-8080"]
17:53:29.036 [restartedMain] INFO  o.q.c.QuartzScheduler - [start,541] - Scheduler quartzScheduler_$_NON_CLUSTERED started.
17:53:29.038 [restartedMain] INFO  c.r.RuoYiApplication - [logStarted,60] - Started RuoYiApplication in 1.906 seconds (process running for 117917.783)
17:54:05.639 [Thread-53] INFO  o.q.c.QuartzScheduler - [standby,576] - Scheduler quartzScheduler_$_NON_CLUSTERED paused.
17:54:05.640 [tomcat-shutdown] INFO  o.a.c.h.Http11NioProtocol - [log,168] - Pausing ProtocolHandler ["http-nio-8080"]
17:54:05.645 [Thread-53] INFO  o.a.c.h.Http11NioProtocol - [log,168] - Stopping ProtocolHandler ["http-nio-8080"]
17:54:05.649 [Thread-53] INFO  o.q.c.QuartzScheduler - [shutdown,656] - Scheduler quartzScheduler_$_NON_CLUSTERED shutting down.
17:54:05.650 [Thread-53] INFO  o.q.c.QuartzScheduler - [standby,576] - Scheduler quartzScheduler_$_NON_CLUSTERED paused.
17:54:05.650 [Thread-53] INFO  o.q.c.QuartzScheduler - [shutdown,728] - Scheduler quartzScheduler_$_NON_CLUSTERED shutdown complete.
17:54:05.651 [Thread-53] INFO  sys-user - [shutdownAsyncManager,31] - ====关闭后台任务任务线程池====
17:54:05.652 [Thread-53] INFO  c.a.d.p.DruidDataSource - [close,2083] - {dataSource-14} closing ...
17:54:05.654 [Thread-53] INFO  c.a.d.p.DruidDataSource - [close,2156] - {dataSource-14} closed
17:54:05.873 [restartedMain] INFO  c.r.RuoYiApplication - [logStarting,54] - Starting RuoYiApplication using Java 24.0.1 with PID 21548 (D:\GitHub\huashe_project\RuoYi-Vue-master\ruoyi-admin\target\classes started by 28030 in D:\GitHub\huashe_project)
17:54:05.874 [restartedMain] INFO  c.r.RuoYiApplication - [logStartupProfileInfo,658] - The following 1 profile is active: "druid"
17:54:06.467 [restartedMain] INFO  o.a.c.h.Http11NioProtocol - [log,168] - Initializing ProtocolHandler ["http-nio-8080"]
17:54:06.467 [restartedMain] INFO  o.a.c.c.StandardService - [log,168] - Starting service [Tomcat]
17:54:06.467 [restartedMain] INFO  o.a.c.c.StandardEngine - [log,168] - Starting Servlet engine: [Apache Tomcat/11.0.21]
17:54:06.694 [restartedMain] INFO  c.a.d.p.DruidDataSource - [init,865] - {dataSource-15} inited
17:54:07.586 [restartedMain] INFO  o.q.c.SchedulerSignalerImpl - [<init>,62] - Initialized Scheduler Signaller of type: class org.quartz.core.SchedulerSignalerImpl
17:54:07.587 [restartedMain] INFO  o.q.c.QuartzScheduler - [<init>,224] - Quartz Scheduler v2.5.2 created.
17:54:07.587 [restartedMain] INFO  o.q.s.RAMJobStore - [initialize,152] - RAMJobStore initialized.
17:54:07.587 [restartedMain] INFO  o.q.c.QuartzScheduler - [initialize,289] - Scheduler meta-data: Quartz Scheduler (v2.5.2) 'quartzScheduler' with instanceId 'NON_CLUSTERED'
  Scheduler class: 'org.quartz.core.QuartzScheduler' - running locally.
  NOT STARTED.
  Currently in standby mode.
  Number of jobs executed: 0
  Using thread pool 'org.quartz.simpl.SimpleThreadPool' - with 10 threads.
  Using job-store 'org.quartz.simpl.RAMJobStore' - which does not support persistence. and is not clustered.

17:54:07.587 [restartedMain] INFO  o.q.c.QuartzScheduler - [setJobFactory,2250] - JobFactory set to: org.springframework.scheduling.quartz.SpringBeanJobFactory@71b6c2be
17:54:07.904 [restartedMain] INFO  o.a.c.h.Http11NioProtocol - [log,168] - Starting ProtocolHandler ["http-nio-8080"]
17:54:07.911 [restartedMain] INFO  o.q.c.QuartzScheduler - [start,541] - Scheduler quartzScheduler_$_NON_CLUSTERED started.
17:54:07.912 [restartedMain] INFO  c.r.RuoYiApplication - [logStarted,60] - Started RuoYiApplication in 2.067 seconds (process running for 117956.658)
